Blender 4.5.14 LTS (hash 62c1db4208e8 built 2026-10-10 01:33:55)
Read blend: "C:\GitHub\Unity 6.000LTS - Nature Paradise\Natureparadaise-Saveavillage\ArtSource\Coop_A\Blender\Coop_A_Combined.blend"
Fra:1 Mem:13.80M (Peak 13.80M) | Time:00:00.00 | Mem:0.00M, Peak:0.00M | Coop A - Combined Lv3, ViewLayer | Synchronizing object | Coop_A_Master_LOD0
Fra:1 Mem:13.80M (Peak 13.80M) | Time:00:00.00 | Mem:0.00M, Peak:0.00M | Coop A - Combined Lv3, ViewLayer | Synchronizing object | Preview floor - never export
Fra:1 Mem:14.25M (Peak 14.25M) | Time:00:00.00 | Mem:0.00M, Peak:0.00M | Coop A - Combined Lv3, ViewLayer | Initializing
Fra:1 Mem:14.24M (Peak 14.25M) | Time:00:00.00 | Mem:0.00M, Peak:0.00M | Coop A - Combined Lv3, ViewLayer | Updating Images | Loading TFP_Atlas_1A - existing PSD composite
Fra:1 Mem:29.90M (Peak 46.25M) | Time:00:00.13 | Mem:16.00M, Peak:16.00M | Coop A - Combined Lv3, ViewLayer | Waiting for render to start
Fra:1 Mem:29.90M (Peak 46.25M) | Time:00:00.13 | Mem:16.00M, Peak:16.00M | Coop A - Combined Lv3, ViewLayer | Updating Scene
Fra:1 Mem:29.90M (Peak 46.25M) | Time:00:00.13 | Mem:16.00M, Peak:16.00M | Coop A - Combined Lv3, ViewLayer | Updating Shaders
Fra:1 Mem:29.90M (Peak 46.25M) | Time:00:00.13 | Mem:16.00M, Peak:16.00M | Coop A - Combined Lv3, ViewLayer | Loading render kernels (may take a few minutes the first time)
Fra:1 Mem:29.99M (Peak 46.25M) | Time:00:00.14 | Mem:16.00M, Peak:16.00M | Coop A - Combined Lv3, ViewLayer | Updating Procedurals
Fra:1 Mem:29.99M (Peak 46.25M) | Time:00:00.14 | Mem:16.00M, Peak:16.00M | Coop A - Combined Lv3, ViewLayer | Updating Background
Fra:1 Mem:29.99M (Peak 46.25M) | Time:00:00.14 | Mem:16.00M, Peak:16.00M | Coop A - Combined Lv3, ViewLayer | Updating Camera
Fra:1 Mem:29.99M (Peak 46.25M) | Time:00:00.14 | Mem:16.00M, Peak:16.00M | Coop A - Combined Lv3, ViewLayer | Updating Meshes Flags
Fra:1 Mem:29.99M (Peak 46.25M) | Time:00:00.14 | Mem:16.00M, Peak:16.00M | Coop A - Combined Lv3, ViewLayer | Updating Objects
Fra:1 Mem:29.99M (Peak 46.25M) | Time:00:00.14 | Mem:16.00M, Peak:16.00M | Coop A - Combined Lv3, ViewLayer | Updating Objects | Copying Transformations to device
Fra:1 Mem:29.99M (Peak 46.25M) | Time:00:00.14 | Mem:16.00M, Peak:16.00M | Coop A - Combined Lv3, ViewLayer | Updating Particle Systems
Fra:1 Mem:29.99M (Peak 46.25M) | Time:00:00.14 | Mem:16.00M, Peak:16.00M | Coop A - Combined Lv3, ViewLayer | Updating Particle Systems | Copying Particles to device
Fra:1 Mem:29.99M (Peak 46.25M) | Time:00:00.14 | Mem:16.00M, Peak:16.00M | Coop A - Combined Lv3, ViewLayer | Updating Meshes
Fra:1 Mem:29.99M (Peak 46.25M) | Time:00:00.14 | Mem:16.00M, Peak:16.00M | Coop A - Combined Lv3, ViewLayer | Updating Objects | Applying Static Transformations
Fra:1 Mem:29.99M (Peak 46.25M) | Time:00:00.14 | Mem:16.00M, Peak:16.00M | Coop A - Combined Lv3, ViewLayer | Updating Mesh | Computing attributes
Fra:1 Mem:30.10M (Peak 46.25M) | Time:00:00.14 | Mem:16.00M, Peak:16.00M | Coop A - Combined Lv3, ViewLayer | Updating Mesh | Copying Attributes to device
Fra:1 Mem:30.10M (Peak 46.25M) | Time:00:00.14 | Mem:16.12M, Peak:16.12M | Coop A - Combined Lv3, ViewLayer | Updating Scene BVH | Building
Fra:1 Mem:30.10M (Peak 46.25M) | Time:00:00.14 | Mem:16.12M, Peak:16.12M | Coop A - Combined Lv3, ViewLayer | Updating Scene BVH | Building BVH
Fra:1 Mem:30.10M (Peak 46.25M) | Time:00:00.14 | Mem:16.22M, Peak:16.22M | Coop A - Combined Lv3, ViewLayer | Updating Scene BVH | Building BVH 0%
Fra:1 Mem:30.10M (Peak 46.25M) | Time:00:00.14 | Mem:16.34M, Peak:16.44M | Coop A - Combined Lv3, ViewLayer | Updating Scene BVH | Copying BVH to device
Fra:1 Mem:30.10M (Peak 46.25M) | Time:00:00.14 | Mem:16.34M, Peak:16.44M | Coop A - Combined Lv3, ViewLayer | Updating Mesh | Computing normals
Fra:1 Mem:30.22M (Peak 46.25M) | Time:00:00.14 | Mem:16.34M, Peak:16.44M | Coop A - Combined Lv3, ViewLayer | Updating Mesh | Copying Mesh to device
Fra:1 Mem:30.22M (Peak 46.25M) | Time:00:00.14 | Mem:16.46M, Peak:16.46M | Coop A - Combined Lv3, ViewLayer | Updating Objects Flags
Fra:1 Mem:30.22M (Peak 46.25M) | Time:00:00.14 | Mem:16.46M, Peak:16.46M | Coop A - Combined Lv3, ViewLayer | Updating Primitive Offsets
Fra:1 Mem:30.22M (Peak 46.25M) | Time:00:00.14 | Mem:16.46M, Peak:16.46M | Coop A - Combined Lv3, ViewLayer | Updating Images
Fra:1 Mem:30.22M (Peak 46.25M) | Time:00:00.14 | Mem:16.46M, Peak:16.46M | Coop A - Combined Lv3, ViewLayer | Updating Camera Volume
Fra:1 Mem:30.22M (Peak 46.25M) | Time:00:00.14 | Mem:16.46M, Peak:16.46M | Coop A - Combined Lv3, ViewLayer | Updating Lookup Tables
Fra:1 Mem:30.22M (Peak 46.25M) | Time:00:00.14 | Mem:16.54M, Peak:16.54M | Coop A - Combined Lv3, ViewLayer | Updating Lights
Fra:1 Mem:30.22M (Peak 46.25M) | Time:00:00.15 | Mem:16.54M, Peak:16.54M | Coop A - Combined Lv3, ViewLayer | Updating Lights | Computing tree
Fra:1 Mem:30.24M (Peak 46.25M) | Time:00:00.15 | Mem:16.56M, Peak:16.56M | Coop A - Combined Lv3, ViewLayer | Updating Integrator
Fra:1 Mem:30.24M (Peak 46.25M) | Time:00:00.15 | Mem:16.56M, Peak:16.56M | Coop A - Combined Lv3, ViewLayer | Updating Film
Fra:1 Mem:30.24M (Peak 46.25M) | Time:00:00.15 | Mem:16.48M, Peak:16.56M | Coop A - Combined Lv3, ViewLayer | Updating Lookup Tables
Fra:1 Mem:30.24M (Peak 46.25M) | Time:00:00.15 | Mem:16.56M, Peak:16.56M | Coop A - Combined Lv3, ViewLayer | Updating Baking
Fra:1 Mem:30.24M (Peak 46.25M) | Time:00:00.15 | Mem:16.56M, Peak:16.56M | Coop A - Combined Lv3, ViewLayer | Updating Device | Writing constant memory
Fra:1 Mem:30.24M (Peak 46.25M) | Time:00:00.15 | Mem:16.56M, Peak:16.56M | Coop A - Combined Lv3, ViewLayer | Loading denoising kernels (may take a few minutes the first time)
Fra:1 Mem:30.24M (Peak 46.25M) | Time:00:00.15 | Mem:16.56M, Peak:16.56M | Coop A - Combined Lv3, ViewLayer | Sample 0/24
Fra:1 Mem:119.40M (Peak 119.40M) | Time:00:01.06 | Remaining:00:21.11 | Mem:105.64M, Peak:105.64M | Coop A - Combined Lv3, ViewLayer | Sample 1/24
Fra:1 Mem:156.90M (Peak 213.15M) | Time:00:37.85 | Mem:105.64M, Peak:105.64M | Coop A - Combined Lv3, ViewLayer | Sample 24/24
Fra:1 Mem:156.90M (Peak 213.15M) | Time:00:37.85 | Mem:105.64M, Peak:105.64M | Coop A - Combined Lv3, ViewLayer | Finished
Saved: 'C:\GitHub\Unity 6.000LTS - Nature Paradise\Natureparadaise-Saveavillage\ArtSource\Coop_A\Previews\Coop_A_FrontRight.png'
Time: 00:38.02 (Saving: 00:00.16)

COOP_PREVIEWS_PASS: real combined mesh renders complete; saved production files unchanged.

Blender quit
