Blender 4.5.14 LTS (hash 62c1db4208e8 built 2026-10-10 01:33:55)
Read blend: "C:\GitHub\Unity 6.000LTS - Nature Paradise\Natureparadaise-Saveavillage\ArtSource\Coop_A\Blender\Coop_A_Combined.blend"
Fra:1 Mem:13.81M (Peak 13.81M) | Time:00:00.00 | Mem:0.00M, Peak:0.00M | Coop A - Combined Lv3, ViewLayer | Synchronizing object | Coop_A_Master_LOD1
Fra:1 Mem:13.81M (Peak 13.81M) | Time:00:00.00 | Mem:0.00M, Peak:0.00M | Coop A - Combined Lv3, ViewLayer | Synchronizing object | Preview floor - never export
Fra:1 Mem:13.83M (Peak 13.83M) | Time:00:00.00 | Mem:0.00M, Peak:0.00M | Coop A - Combined Lv3, ViewLayer | Synchronizing object | Preview rim
Fra:1 Mem:14.01M (Peak 14.01M) | Time:00:00.00 | Mem:0.00M, Peak:0.00M | Coop A - Combined Lv3, ViewLayer | Initializing
Fra:1 Mem:13.99M (Peak 14.01M) | Time:00:00.00 | Mem:0.00M, Peak:0.00M | Coop A - Combined Lv3, ViewLayer | Updating Images | Loading TFP_Atlas_1A - existing PSD composite
Fra:1 Mem:29.66M (Peak 46.00M) | Time:00:00.14 | Mem:16.00M, Peak:16.00M | Coop A - Combined Lv3, ViewLayer | Waiting for render to start
Fra:1 Mem:29.66M (Peak 46.00M) | Time:00:00.14 | Mem:16.00M, Peak:16.00M | Coop A - Combined Lv3, ViewLayer | Updating Scene
Fra:1 Mem:29.66M (Peak 46.00M) | Time:00:00.14 | Mem:16.00M, Peak:16.00M | Coop A - Combined Lv3, ViewLayer | Updating Shaders
Fra:1 Mem:29.66M (Peak 46.00M) | Time:00:00.14 | Mem:16.00M, Peak:16.00M | Coop A - Combined Lv3, ViewLayer | Loading render kernels (may take a few minutes the first time)
Fra:1 Mem:29.75M (Peak 46.00M) | Time:00:00.14 | Mem:16.00M, Peak:16.00M | Coop A - Combined Lv3, ViewLayer | Updating Procedurals
Fra:1 Mem:29.75M (Peak 46.00M) | Time:00:00.14 | Mem:16.00M, Peak:16.00M | Coop A - Combined Lv3, ViewLayer | Updating Background
Fra:1 Mem:29.75M (Peak 46.00M) | Time:00:00.14 | Mem:16.00M, Peak:16.00M | Coop A - Combined Lv3, ViewLayer | Updating Camera
Fra:1 Mem:29.75M (Peak 46.00M) | Time:00:00.14 | Mem:16.00M, Peak:16.00M | Coop A - Combined Lv3, ViewLayer | Updating Meshes Flags
Fra:1 Mem:29.75M (Peak 46.00M) | Time:00:00.14 | Mem:16.00M, Peak:16.00M | Coop A - Combined Lv3, ViewLayer | Updating Objects
Fra:1 Mem:29.75M (Peak 46.00M) | Time:00:00.14 | Mem:16.00M, Peak:16.00M | Coop A - Combined Lv3, ViewLayer | Updating Objects | Copying Transformations to device
Fra:1 Mem:29.75M (Peak 46.00M) | Time:00:00.14 | Mem:16.00M, Peak:16.00M | Coop A - Combined Lv3, ViewLayer | Updating Particle Systems
Fra:1 Mem:29.75M (Peak 46.00M) | Time:00:00.14 | Mem:16.00M, Peak:16.00M | Coop A - Combined Lv3, ViewLayer | Updating Particle Systems | Copying Particles to device
Fra:1 Mem:29.75M (Peak 46.00M) | Time:00:00.14 | Mem:16.00M, Peak:16.00M | Coop A - Combined Lv3, ViewLayer | Updating Meshes
Fra:1 Mem:29.75M (Peak 46.00M) | Time:00:00.14 | Mem:16.00M, Peak:16.00M | Coop A - Combined Lv3, ViewLayer | Updating Objects | Applying Static Transformations
Fra:1 Mem:29.75M (Peak 46.00M) | Time:00:00.14 | Mem:16.00M, Peak:16.00M | Coop A - Combined Lv3, ViewLayer | Updating Mesh | Computing attributes
Fra:1 Mem:29.80M (Peak 46.00M) | Time:00:00.14 | Mem:16.00M, Peak:16.00M | Coop A - Combined Lv3, ViewLayer | Updating Mesh | Copying Attributes to device
Fra:1 Mem:29.80M (Peak 46.00M) | Time:00:00.14 | Mem:16.05M, Peak:16.05M | Coop A - Combined Lv3, ViewLayer | Updating Scene BVH | Building
Fra:1 Mem:29.80M (Peak 46.00M) | Time:00:00.14 | Mem:16.05M, Peak:16.05M | Coop A - Combined Lv3, ViewLayer | Updating Scene BVH | Building BVH
Fra:1 Mem:29.80M (Peak 46.00M) | Time:00:00.14 | Mem:16.09M, Peak:16.09M | Coop A - Combined Lv3, ViewLayer | Updating Scene BVH | Building BVH 0%
Fra:1 Mem:29.80M (Peak 46.00M) | Time:00:00.14 | Mem:16.14M, Peak:16.18M | Coop A - Combined Lv3, ViewLayer | Updating Scene BVH | Copying BVH to device
Fra:1 Mem:29.80M (Peak 46.00M) | Time:00:00.14 | Mem:16.14M, Peak:16.18M | Coop A - Combined Lv3, ViewLayer | Updating Mesh | Computing normals
Fra:1 Mem:29.85M (Peak 46.00M) | Time:00:00.14 | Mem:16.14M, Peak:16.18M | Coop A - Combined Lv3, ViewLayer | Updating Mesh | Copying Mesh to device
Fra:1 Mem:29.85M (Peak 46.00M) | Time:00:00.14 | Mem:16.20M, Peak:16.20M | Coop A - Combined Lv3, ViewLayer | Updating Objects Flags
Fra:1 Mem:29.85M (Peak 46.00M) | Time:00:00.14 | Mem:16.20M, Peak:16.20M | Coop A - Combined Lv3, ViewLayer | Updating Primitive Offsets
Fra:1 Mem:29.85M (Peak 46.00M) | Time:00:00.14 | Mem:16.20M, Peak:16.20M | Coop A - Combined Lv3, ViewLayer | Updating Images
Fra:1 Mem:29.85M (Peak 46.00M) | Time:00:00.14 | Mem:16.20M, Peak:16.20M | Coop A - Combined Lv3, ViewLayer | Updating Camera Volume
Fra:1 Mem:29.85M (Peak 46.00M) | Time:00:00.14 | Mem:16.20M, Peak:16.20M | Coop A - Combined Lv3, ViewLayer | Updating Lookup Tables
Fra:1 Mem:29.85M (Peak 46.00M) | Time:00:00.14 | Mem:16.28M, Peak:16.28M | Coop A - Combined Lv3, ViewLayer | Updating Lights
Fra:1 Mem:29.85M (Peak 46.00M) | Time:00:00.14 | Mem:16.28M, Peak:16.28M | Coop A - Combined Lv3, ViewLayer | Updating Lights | Computing tree
Fra:1 Mem:29.86M (Peak 46.00M) | Time:00:00.14 | Mem:16.28M, Peak:16.28M | Coop A - Combined Lv3, ViewLayer | Updating Integrator
Fra:1 Mem:29.86M (Peak 46.00M) | Time:00:00.14 | Mem:16.28M, Peak:16.28M | Coop A - Combined Lv3, ViewLayer | Updating Film
Fra:1 Mem:29.86M (Peak 46.00M) | Time:00:00.14 | Mem:16.20M, Peak:16.28M | Coop A - Combined Lv3, ViewLayer | Updating Lookup Tables
Fra:1 Mem:29.86M (Peak 46.00M) | Time:00:00.14 | Mem:16.29M, Peak:16.29M | Coop A - Combined Lv3, ViewLayer | Updating Baking
Fra:1 Mem:29.86M (Peak 46.00M) | Time:00:00.14 | Mem:16.29M, Peak:16.29M | Coop A - Combined Lv3, ViewLayer | Updating Device | Writing constant memory
Fra:1 Mem:29.86M (Peak 46.00M) | Time:00:00.14 | Mem:16.29M, Peak:16.29M | Coop A - Combined Lv3, ViewLayer | Loading denoising kernels (may take a few minutes the first time)
Fra:1 Mem:29.86M (Peak 46.00M) | Time:00:00.14 | Mem:16.29M, Peak:16.29M | Coop A - Combined Lv3, ViewLayer | Sample 0/24
Fra:1 Mem:119.02M (Peak 119.02M) | Time:00:01.27 | Remaining:00:25.92 | Mem:105.36M, Peak:105.36M | Coop A - Combined Lv3, ViewLayer | Sample 1/24
Fra:1 Mem:156.52M (Peak 212.77M) | Time:00:51.49 | Mem:105.36M, Peak:105.36M | Coop A - Combined Lv3, ViewLayer | Sample 24/24
Fra:1 Mem:156.52M (Peak 212.77M) | Time:00:51.49 | Mem:105.36M, Peak:105.36M | Coop A - Combined Lv3, ViewLayer | Finished
Saved: 'C:\GitHub\Unity 6.000LTS - Nature Paradise\Natureparadaise-Saveavillage\ArtSource\Coop_A\Previews\Coop_A_LOD1.png'
Time: 00:51.70 (Saving: 00:00.19)

Fra:1 Mem:13.88M (Peak 13.88M) | Time:00:00.00 | Mem:0.00M, Peak:0.00M | Coop A - Combined Lv3, ViewLayer | Synchronizing object | Coop_A_Master_LOD2
Fra:1 Mem:13.88M (Peak 13.88M) | Time:00:00.00 | Mem:0.00M, Peak:0.00M | Coop A - Combined Lv3, ViewLayer | Synchronizing object | Preview floor - never export
Fra:1 Mem:13.93M (Peak 13.93M) | Time:00:00.00 | Mem:0.00M, Peak:0.00M | Coop A - Combined Lv3, ViewLayer | Initializing
Fra:1 Mem:13.92M (Peak 13.93M) | Time:00:00.00 | Mem:0.00M, Peak:0.00M | Coop A - Combined Lv3, ViewLayer | Updating Images | Loading TFP_Atlas_1A - existing PSD composite
Fra:1 Mem:29.58M (Peak 45.93M) | Time:00:00.14 | Mem:16.00M, Peak:16.00M | Coop A - Combined Lv3, ViewLayer | Waiting for render to start
Fra:1 Mem:29.58M (Peak 45.93M) | Time:00:00.14 | Mem:16.00M, Peak:16.00M | Coop A - Combined Lv3, ViewLayer | Updating Scene
Fra:1 Mem:29.58M (Peak 45.93M) | Time:00:00.14 | Mem:16.00M, Peak:16.00M | Coop A - Combined Lv3, ViewLayer | Updating Shaders
Fra:1 Mem:29.58M (Peak 45.93M) | Time:00:00.14 | Mem:16.00M, Peak:16.00M | Coop A - Combined Lv3, ViewLayer | Loading render kernels (may take a few minutes the first time)
Fra:1 Mem:29.67M (Peak 45.93M) | Time:00:00.14 | Mem:16.00M, Peak:16.00M | Coop A - Combined Lv3, ViewLayer | Updating Procedurals
Fra:1 Mem:29.67M (Peak 45.93M) | Time:00:00.14 | Mem:16.00M, Peak:16.00M | Coop A - Combined Lv3, ViewLayer | Updating Background
Fra:1 Mem:29.67M (Peak 45.93M) | Time:00:00.14 | Mem:16.00M, Peak:16.00M | Coop A - Combined Lv3, ViewLayer | Updating Camera
Fra:1 Mem:29.67M (Peak 45.93M) | Time:00:00.14 | Mem:16.00M, Peak:16.00M | Coop A - Combined Lv3, ViewLayer | Updating Meshes Flags
Fra:1 Mem:29.67M (Peak 45.93M) | Time:00:00.14 | Mem:16.00M, Peak:16.00M | Coop A - Combined Lv3, ViewLayer | Updating Objects
Fra:1 Mem:29.67M (Peak 45.93M) | Time:00:00.14 | Mem:16.00M, Peak:16.00M | Coop A - Combined Lv3, ViewLayer | Updating Objects | Copying Transformations to device
Fra:1 Mem:29.67M (Peak 45.93M) | Time:00:00.14 | Mem:16.00M, Peak:16.00M | Coop A - Combined Lv3, ViewLayer | Updating Particle Systems
Fra:1 Mem:29.67M (Peak 45.93M) | Time:00:00.14 | Mem:16.00M, Peak:16.00M | Coop A - Combined Lv3, ViewLayer | Updating Particle Systems | Copying Particles to device
Fra:1 Mem:29.67M (Peak 45.93M) | Time:00:00.14 | Mem:16.00M, Peak:16.00M | Coop A - Combined Lv3, ViewLayer | Updating Meshes
Fra:1 Mem:29.67M (Peak 45.93M) | Time:00:00.14 | Mem:16.00M, Peak:16.00M | Coop A - Combined Lv3, ViewLayer | Updating Objects | Applying Static Transformations
Fra:1 Mem:29.67M (Peak 45.93M) | Time:00:00.14 | Mem:16.00M, Peak:16.00M | Coop A - Combined Lv3, ViewLayer | Updating Mesh | Computing attributes
Fra:1 Mem:29.68M (Peak 45.93M) | Time:00:00.14 | Mem:16.00M, Peak:16.00M | Coop A - Combined Lv3, ViewLayer | Updating Mesh | Copying Attributes to device
Fra:1 Mem:29.68M (Peak 45.93M) | Time:00:00.14 | Mem:16.02M, Peak:16.02M | Coop A - Combined Lv3, ViewLayer | Updating Scene BVH | Building
Fra:1 Mem:29.68M (Peak 45.93M) | Time:00:00.14 | Mem:16.02M, Peak:16.02M | Coop A - Combined Lv3, ViewLayer | Updating Scene BVH | Building BVH
Fra:1 Mem:29.68M (Peak 45.93M) | Time:00:00.14 | Mem:16.02M, Peak:16.02M | Coop A - Combined Lv3, ViewLayer | Updating Scene BVH | Building BVH 0%
Fra:1 Mem:29.68M (Peak 45.93M) | Time:00:00.14 | Mem:16.04M, Peak:16.05M | Coop A - Combined Lv3, ViewLayer | Updating Scene BVH | Copying BVH to device
Fra:1 Mem:29.68M (Peak 45.93M) | Time:00:00.14 | Mem:16.04M, Peak:16.05M | Coop A - Combined Lv3, ViewLayer | Updating Mesh | Computing normals
Fra:1 Mem:29.69M (Peak 45.93M) | Time:00:00.14 | Mem:16.04M, Peak:16.05M | Coop A - Combined Lv3, ViewLayer | Updating Mesh | Copying Mesh to device
Fra:1 Mem:29.69M (Peak 45.93M) | Time:00:00.14 | Mem:16.05M, Peak:16.05M | Coop A - Combined Lv3, ViewLayer | Updating Objects Flags
Fra:1 Mem:29.69M (Peak 45.93M) | Time:00:00.14 | Mem:16.05M, Peak:16.05M | Coop A - Combined Lv3, ViewLayer | Updating Primitive Offsets
Fra:1 Mem:29.69M (Peak 45.93M) | Time:00:00.14 | Mem:16.05M, Peak:16.05M | Coop A - Combined Lv3, ViewLayer | Updating Images
Fra:1 Mem:29.69M (Peak 45.93M) | Time:00:00.14 | Mem:16.05M, Peak:16.05M | Coop A - Combined Lv3, ViewLayer | Updating Camera Volume
Fra:1 Mem:29.69M (Peak 45.93M) | Time:00:00.14 | Mem:16.05M, Peak:16.05M | Coop A - Combined Lv3, ViewLayer | Updating Lookup Tables
Fra:1 Mem:29.69M (Peak 45.93M) | Time:00:00.14 | Mem:16.13M, Peak:16.13M | Coop A - Combined Lv3, ViewLayer | Updating Lights
Fra:1 Mem:29.69M (Peak 45.93M) | Time:00:00.14 | Mem:16.13M, Peak:16.13M | Coop A - Combined Lv3, ViewLayer | Updating Lights | Computing tree
Fra:1 Mem:29.69M (Peak 45.93M) | Time:00:00.14 | Mem:16.14M, Peak:16.14M | Coop A - Combined Lv3, ViewLayer | Updating Integrator
Fra:1 Mem:29.69M (Peak 45.93M) | Time:00:00.14 | Mem:16.14M, Peak:16.14M | Coop A - Combined Lv3, ViewLayer | Updating Film
Fra:1 Mem:29.70M (Peak 45.93M) | Time:00:00.14 | Mem:16.05M, Peak:16.14M | Coop A - Combined Lv3, ViewLayer | Updating Lookup Tables
Fra:1 Mem:29.70M (Peak 45.93M) | Time:00:00.14 | Mem:16.14M, Peak:16.14M | Coop A - Combined Lv3, ViewLayer | Updating Baking
Fra:1 Mem:29.70M (Peak 45.93M) | Time:00:00.14 | Mem:16.14M, Peak:16.14M | Coop A - Combined Lv3, ViewLayer | Updating Device | Writing constant memory
Fra:1 Mem:29.70M (Peak 45.93M) | Time:00:00.14 | Mem:16.14M, Peak:16.14M | Coop A - Combined Lv3, ViewLayer | Loading denoising kernels (may take a few minutes the first time)
Fra:1 Mem:29.70M (Peak 45.93M) | Time:00:00.14 | Mem:16.14M, Peak:16.14M | Coop A - Combined Lv3, ViewLayer | Sample 0/24
Fra:1 Mem:118.85M (Peak 118.85M) | Time:00:02.13 | Remaining:00:45.72 | Mem:105.21M, Peak:105.21M | Coop A - Combined Lv3, ViewLayer | Sample 1/24
Fra:1 Mem:118.85M (Peak 118.85M) | Time:00:23.04 | Remaining:00:09.42 | Mem:105.21M, Peak:105.21M | Coop A - Combined Lv3, ViewLayer | Sample 17/24
Fra:1 Mem:156.36M (Peak 212.61M) | Time:00:52.85 | Mem:105.21M, Peak:105.21M | Coop A - Combined Lv3, ViewLayer | Sample 24/24
Fra:1 Mem:156.36M (Peak 212.61M) | Time:00:52.85 | Mem:105.21M, Peak:105.21M | Coop A - Combined Lv3, ViewLayer | Finished
Saved: 'C:\GitHub\Unity 6.000LTS - Nature Paradise\Natureparadaise-Saveavillage\ArtSource\Coop_A\Previews\Coop_A_LOD2.png'
Time: 00:53.12 (Saving: 00:00.25)

COOP_PREVIEWS_PASS: real combined mesh renders complete; saved production files unchanged.

Blender quit
