Blender 4.5.14 LTS (hash 62c1db4208e8 built 2026-10-10 01:33:55)
Read blend: "C:\GitHub\Unity 6.000LTS - Nature Paradise\Natureparadaise-Saveavillage\ArtSource\Coop_A\Blender\Coop_A_Combined.blend"
Fra:1 Mem:13.81M (Peak 13.81M) | Time:00:00.00 | Mem:0.00M, Peak:0.00M | Coop A - Combined Lv3, ViewLayer | Synchronizing object | Coop_A_Master_LOD1
Fra:1 Mem:13.81M (Peak 13.81M) | Time:00:00.00 | Mem:0.00M, Peak:0.00M | Coop A - Combined Lv3, ViewLayer | Synchronizing object | Preview floor - never export
Fra:1 Mem:14.00M (Peak 14.00M) | Time:00:00.00 | Mem:0.00M, Peak:0.00M | Coop A - Combined Lv3, ViewLayer | Initializing
Fra:1 Mem:13.99M (Peak 14.00M) | Time:00:00.00 | Mem:0.00M, Peak:0.00M | Coop A - Combined Lv3, ViewLayer | Updating Images | Loading TFP_Atlas_1A - existing PSD composite
Fra:1 Mem:29.66M (Peak 46.00M) | Time:00:00.12 | Mem:16.00M, Peak:16.00M | Coop A - Combined Lv3, ViewLayer | Waiting for render to start
Fra:1 Mem:29.66M (Peak 46.00M) | Time:00:00.13 | Mem:16.00M, Peak:16.00M | Coop A - Combined Lv3, ViewLayer | Updating Scene
Fra:1 Mem:29.66M (Peak 46.00M) | Time:00:00.13 | Mem:16.00M, Peak:16.00M | Coop A - Combined Lv3, ViewLayer | Updating Shaders
Fra:1 Mem:29.66M (Peak 46.00M) | Time:00:00.13 | Mem:16.00M, Peak:16.00M | Coop A - Combined Lv3, ViewLayer | Loading render kernels (may take a few minutes the first time)
Fra:1 Mem:29.74M (Peak 46.00M) | Time:00:00.13 | Mem:16.00M, Peak:16.00M | Coop A - Combined Lv3, ViewLayer | Updating Procedurals
Fra:1 Mem:29.74M (Peak 46.00M) | Time:00:00.13 | Mem:16.00M, Peak:16.00M | Coop A - Combined Lv3, ViewLayer | Updating Background
Fra:1 Mem:29.74M (Peak 46.00M) | Time:00:00.13 | Mem:16.00M, Peak:16.00M | Coop A - Combined Lv3, ViewLayer | Updating Camera
Fra:1 Mem:29.74M (Peak 46.00M) | Time:00:00.13 | Mem:16.00M, Peak:16.00M | Coop A - Combined Lv3, ViewLayer | Updating Meshes Flags
Fra:1 Mem:29.74M (Peak 46.00M) | Time:00:00.13 | Mem:16.00M, Peak:16.00M | Coop A - Combined Lv3, ViewLayer | Updating Objects
Fra:1 Mem:29.74M (Peak 46.00M) | Time:00:00.13 | Mem:16.00M, Peak:16.00M | Coop A - Combined Lv3, ViewLayer | Updating Objects | Copying Transformations to device
Fra:1 Mem:29.74M (Peak 46.00M) | Time:00:00.13 | Mem:16.00M, Peak:16.00M | Coop A - Combined Lv3, ViewLayer | Updating Particle Systems
Fra:1 Mem:29.74M (Peak 46.00M) | Time:00:00.13 | Mem:16.00M, Peak:16.00M | Coop A - Combined Lv3, ViewLayer | Updating Particle Systems | Copying Particles to device
Fra:1 Mem:29.74M (Peak 46.00M) | Time:00:00.13 | Mem:16.00M, Peak:16.00M | Coop A - Combined Lv3, ViewLayer | Updating Meshes
Fra:1 Mem:29.74M (Peak 46.00M) | Time:00:00.13 | Mem:16.00M, Peak:16.00M | Coop A - Combined Lv3, ViewLayer | Updating Objects | Applying Static Transformations
Fra:1 Mem:29.74M (Peak 46.00M) | Time:00:00.13 | Mem:16.00M, Peak:16.00M | Coop A - Combined Lv3, ViewLayer | Updating Mesh | Computing attributes
Fra:1 Mem:29.79M (Peak 46.00M) | Time:00:00.13 | Mem:16.00M, Peak:16.00M | Coop A - Combined Lv3, ViewLayer | Updating Mesh | Copying Attributes to device
Fra:1 Mem:29.79M (Peak 46.00M) | Time:00:00.13 | Mem:16.05M, Peak:16.05M | Coop A - Combined Lv3, ViewLayer | Updating Scene BVH | Building
Fra:1 Mem:29.79M (Peak 46.00M) | Time:00:00.13 | Mem:16.05M, Peak:16.05M | Coop A - Combined Lv3, ViewLayer | Updating Scene BVH | Building BVH
Fra:1 Mem:29.79M (Peak 46.00M) | Time:00:00.13 | Mem:16.09M, Peak:16.09M | Coop A - Combined Lv3, ViewLayer | Updating Scene BVH | Building BVH 0%
Fra:1 Mem:29.79M (Peak 46.00M) | Time:00:00.13 | Mem:16.14M, Peak:16.18M | Coop A - Combined Lv3, ViewLayer | Updating Scene BVH | Copying BVH to device
Fra:1 Mem:29.79M (Peak 46.00M) | Time:00:00.13 | Mem:16.14M, Peak:16.18M | Coop A - Combined Lv3, ViewLayer | Updating Mesh | Computing normals
Fra:1 Mem:29.85M (Peak 46.00M) | Time:00:00.13 | Mem:16.14M, Peak:16.18M | Coop A - Combined Lv3, ViewLayer | Updating Mesh | Copying Mesh to device
Fra:1 Mem:29.85M (Peak 46.00M) | Time:00:00.13 | Mem:16.20M, Peak:16.20M | Coop A - Combined Lv3, ViewLayer | Updating Objects Flags
Fra:1 Mem:29.85M (Peak 46.00M) | Time:00:00.13 | Mem:16.20M, Peak:16.20M | Coop A - Combined Lv3, ViewLayer | Updating Primitive Offsets
Fra:1 Mem:29.85M (Peak 46.00M) | Time:00:00.13 | Mem:16.20M, Peak:16.20M | Coop A - Combined Lv3, ViewLayer | Updating Images
Fra:1 Mem:29.85M (Peak 46.00M) | Time:00:00.13 | Mem:16.20M, Peak:16.20M | Coop A - Combined Lv3, ViewLayer | Updating Camera Volume
Fra:1 Mem:29.85M (Peak 46.00M) | Time:00:00.13 | Mem:16.20M, Peak:16.20M | Coop A - Combined Lv3, ViewLayer | Updating Lookup Tables
Fra:1 Mem:29.85M (Peak 46.00M) | Time:00:00.13 | Mem:16.28M, Peak:16.28M | Coop A - Combined Lv3, ViewLayer | Updating Lights
Fra:1 Mem:29.85M (Peak 46.00M) | Time:00:00.13 | Mem:16.28M, Peak:16.28M | Coop A - Combined Lv3, ViewLayer | Updating Lights | Computing tree
Fra:1 Mem:29.85M (Peak 46.00M) | Time:00:00.13 | Mem:16.28M, Peak:16.28M | Coop A - Combined Lv3, ViewLayer | Updating Integrator
Fra:1 Mem:29.85M (Peak 46.00M) | Time:00:00.13 | Mem:16.28M, Peak:16.28M | Coop A - Combined Lv3, ViewLayer | Updating Film
Fra:1 Mem:29.86M (Peak 46.00M) | Time:00:00.13 | Mem:16.20M, Peak:16.28M | Coop A - Combined Lv3, ViewLayer | Updating Lookup Tables
Fra:1 Mem:29.86M (Peak 46.00M) | Time:00:00.13 | Mem:16.29M, Peak:16.29M | Coop A - Combined Lv3, ViewLayer | Updating Baking
Fra:1 Mem:29.86M (Peak 46.00M) | Time:00:00.13 | Mem:16.29M, Peak:16.29M | Coop A - Combined Lv3, ViewLayer | Updating Device | Writing constant memory
Fra:1 Mem:29.86M (Peak 46.00M) | Time:00:00.13 | Mem:16.29M, Peak:16.29M | Coop A - Combined Lv3, ViewLayer | Loading denoising kernels (may take a few minutes the first time)
Fra:1 Mem:29.86M (Peak 46.00M) | Time:00:00.13 | Mem:16.29M, Peak:16.29M | Coop A - Combined Lv3, ViewLayer | Sample 0/24
Fra:1 Mem:119.01M (Peak 119.01M) | Time:00:01.05 | Remaining:00:21.22 | Mem:105.36M, Peak:105.36M | Coop A - Combined Lv3, ViewLayer | Sample 1/24
Fra:1 Mem:156.52M (Peak 212.77M) | Time:00:40.72 | Mem:105.36M, Peak:105.36M | Coop A - Combined Lv3, ViewLayer | Sample 24/24
Fra:1 Mem:156.52M (Peak 212.77M) | Time:00:40.72 | Mem:105.36M, Peak:105.36M | Coop A - Combined Lv3, ViewLayer | Finished
Saved: 'C:\GitHub\Unity 6.000LTS - Nature Paradise\Natureparadaise-Saveavillage\ArtSource\Coop_A\Previews\Coop_A_LOD1.png'
Time: 00:40.89 (Saving: 00:00.15)

Fra:1 Mem:13.88M (Peak 13.88M) | Time:00:00.00 | Mem:0.00M, Peak:0.00M | Coop A - Combined Lv3, ViewLayer | Synchronizing object | Coop_A_Master_LOD2
Fra:1 Mem:13.88M (Peak 13.88M) | Time:00:00.00 | Mem:0.00M, Peak:0.00M | Coop A - Combined Lv3, ViewLayer | Synchronizing object | Preview floor - never export
Fra:1 Mem:13.92M (Peak 13.92M) | Time:00:00.00 | Mem:0.00M, Peak:0.00M | Coop A - Combined Lv3, ViewLayer | Initializing
Fra:1 Mem:13.91M (Peak 13.92M) | Time:00:00.00 | Mem:0.00M, Peak:0.00M | Coop A - Combined Lv3, ViewLayer | Updating Images | Loading TFP_Atlas_1A - existing PSD composite
Fra:1 Mem:29.58M (Peak 45.92M) | Time:00:00.11 | Mem:16.00M, Peak:16.00M | Coop A - Combined Lv3, ViewLayer | Waiting for render to start
Fra:1 Mem:29.58M (Peak 45.92M) | Time:00:00.11 | Mem:16.00M, Peak:16.00M | Coop A - Combined Lv3, ViewLayer | Updating Scene
Fra:1 Mem:29.58M (Peak 45.92M) | Time:00:00.11 | Mem:16.00M, Peak:16.00M | Coop A - Combined Lv3, ViewLayer | Updating Shaders
Fra:1 Mem:29.58M (Peak 45.92M) | Time:00:00.11 | Mem:16.00M, Peak:16.00M | Coop A - Combined Lv3, ViewLayer | Loading render kernels (may take a few minutes the first time)
Fra:1 Mem:29.66M (Peak 45.92M) | Time:00:00.11 | Mem:16.00M, Peak:16.00M | Coop A - Combined Lv3, ViewLayer | Updating Procedurals
Fra:1 Mem:29.66M (Peak 45.92M) | Time:00:00.11 | Mem:16.00M, Peak:16.00M | Coop A - Combined Lv3, ViewLayer | Updating Background
Fra:1 Mem:29.66M (Peak 45.92M) | Time:00:00.11 | Mem:16.00M, Peak:16.00M | Coop A - Combined Lv3, ViewLayer | Updating Camera
Fra:1 Mem:29.66M (Peak 45.92M) | Time:00:00.11 | Mem:16.00M, Peak:16.00M | Coop A - Combined Lv3, ViewLayer | Updating Meshes Flags
Fra:1 Mem:29.66M (Peak 45.92M) | Time:00:00.11 | Mem:16.00M, Peak:16.00M | Coop A - Combined Lv3, ViewLayer | Updating Objects
Fra:1 Mem:29.66M (Peak 45.92M) | Time:00:00.11 | Mem:16.00M, Peak:16.00M | Coop A - Combined Lv3, ViewLayer | Updating Objects | Copying Transformations to device
Fra:1 Mem:29.67M (Peak 45.92M) | Time:00:00.11 | Mem:16.00M, Peak:16.00M | Coop A - Combined Lv3, ViewLayer | Updating Particle Systems
Fra:1 Mem:29.67M (Peak 45.92M) | Time:00:00.11 | Mem:16.00M, Peak:16.00M | Coop A - Combined Lv3, ViewLayer | Updating Particle Systems | Copying Particles to device
Fra:1 Mem:29.67M (Peak 45.92M) | Time:00:00.11 | Mem:16.00M, Peak:16.00M | Coop A - Combined Lv3, ViewLayer | Updating Meshes
Fra:1 Mem:29.67M (Peak 45.92M) | Time:00:00.11 | Mem:16.00M, Peak:16.00M | Coop A - Combined Lv3, ViewLayer | Updating Objects | Applying Static Transformations
Fra:1 Mem:29.67M (Peak 45.92M) | Time:00:00.11 | Mem:16.00M, Peak:16.00M | Coop A - Combined Lv3, ViewLayer | Updating Mesh | Computing attributes
Fra:1 Mem:29.68M (Peak 45.92M) | Time:00:00.11 | Mem:16.00M, Peak:16.00M | Coop A - Combined Lv3, ViewLayer | Updating Mesh | Copying Attributes to device
Fra:1 Mem:29.68M (Peak 45.92M) | Time:00:00.11 | Mem:16.01M, Peak:16.01M | Coop A - Combined Lv3, ViewLayer | Updating Scene BVH | Building
Fra:1 Mem:29.68M (Peak 45.92M) | Time:00:00.11 | Mem:16.01M, Peak:16.01M | Coop A - Combined Lv3, ViewLayer | Updating Scene BVH | Building BVH
Fra:1 Mem:29.68M (Peak 45.92M) | Time:00:00.11 | Mem:16.02M, Peak:16.02M | Coop A - Combined Lv3, ViewLayer | Updating Scene BVH | Building BVH 0%
Fra:1 Mem:29.68M (Peak 45.92M) | Time:00:00.11 | Mem:16.04M, Peak:16.05M | Coop A - Combined Lv3, ViewLayer | Updating Scene BVH | Copying BVH to device
Fra:1 Mem:29.68M (Peak 45.92M) | Time:00:00.11 | Mem:16.04M, Peak:16.05M | Coop A - Combined Lv3, ViewLayer | Updating Mesh | Computing normals
Fra:1 Mem:29.69M (Peak 45.92M) | Time:00:00.11 | Mem:16.04M, Peak:16.05M | Coop A - Combined Lv3, ViewLayer | Updating Mesh | Copying Mesh to device
Fra:1 Mem:29.69M (Peak 45.92M) | Time:00:00.11 | Mem:16.05M, Peak:16.05M | Coop A - Combined Lv3, ViewLayer | Updating Objects Flags
Fra:1 Mem:29.69M (Peak 45.92M) | Time:00:00.11 | Mem:16.05M, Peak:16.05M | Coop A - Combined Lv3, ViewLayer | Updating Primitive Offsets
Fra:1 Mem:29.69M (Peak 45.92M) | Time:00:00.11 | Mem:16.05M, Peak:16.05M | Coop A - Combined Lv3, ViewLayer | Updating Images
Fra:1 Mem:29.69M (Peak 45.92M) | Time:00:00.11 | Mem:16.05M, Peak:16.05M | Coop A - Combined Lv3, ViewLayer | Updating Camera Volume
Fra:1 Mem:29.69M (Peak 45.92M) | Time:00:00.11 | Mem:16.05M, Peak:16.05M | Coop A - Combined Lv3, ViewLayer | Updating Lookup Tables
Fra:1 Mem:29.69M (Peak 45.92M) | Time:00:00.11 | Mem:16.13M, Peak:16.13M | Coop A - Combined Lv3, ViewLayer | Updating Lights
Fra:1 Mem:29.69M (Peak 45.92M) | Time:00:00.11 | Mem:16.13M, Peak:16.13M | Coop A - Combined Lv3, ViewLayer | Updating Lights | Computing tree
Fra:1 Mem:29.69M (Peak 45.92M) | Time:00:00.11 | Mem:16.13M, Peak:16.13M | Coop A - Combined Lv3, ViewLayer | Updating Integrator
Fra:1 Mem:29.69M (Peak 45.92M) | Time:00:00.11 | Mem:16.13M, Peak:16.13M | Coop A - Combined Lv3, ViewLayer | Updating Film
Fra:1 Mem:29.69M (Peak 45.92M) | Time:00:00.11 | Mem:16.05M, Peak:16.13M | Coop A - Combined Lv3, ViewLayer | Updating Lookup Tables
Fra:1 Mem:29.69M (Peak 45.92M) | Time:00:00.11 | Mem:16.14M, Peak:16.14M | Coop A - Combined Lv3, ViewLayer | Updating Baking
Fra:1 Mem:29.69M (Peak 45.92M) | Time:00:00.11 | Mem:16.14M, Peak:16.14M | Coop A - Combined Lv3, ViewLayer | Updating Device | Writing constant memory
Fra:1 Mem:29.70M (Peak 45.92M) | Time:00:00.11 | Mem:16.14M, Peak:16.14M | Coop A - Combined Lv3, ViewLayer | Loading denoising kernels (may take a few minutes the first time)
Fra:1 Mem:29.70M (Peak 45.92M) | Time:00:00.11 | Mem:16.14M, Peak:16.14M | Coop A - Combined Lv3, ViewLayer | Sample 0/24
Fra:1 Mem:118.85M (Peak 118.85M) | Time:00:01.18 | Remaining:00:24.47 | Mem:105.21M, Peak:105.21M | Coop A - Combined Lv3, ViewLayer | Sample 1/24
Fra:1 Mem:156.35M (Peak 212.61M) | Time:00:44.35 | Mem:105.21M, Peak:105.21M | Coop A - Combined Lv3, ViewLayer | Sample 24/24
Fra:1 Mem:156.35M (Peak 212.61M) | Time:00:44.35 | Mem:105.21M, Peak:105.21M | Coop A - Combined Lv3, ViewLayer | Finished
Saved: 'C:\GitHub\Unity 6.000LTS - Nature Paradise\Natureparadaise-Saveavillage\ArtSource\Coop_A\Previews\Coop_A_LOD2.png'
Time: 00:44.59 (Saving: 00:00.22)

Fra:1 Mem:52.41M (Peak 52.41M) | Time:00:00.01 | Mem:0.00M, Peak:0.00M | Coop A - Levels 1 to 5 - shared mesh, ViewLayer | Synchronizing object | Lv1 - shared master mesh
Fra:1 Mem:52.41M (Peak 52.41M) | Time:00:00.01 | Mem:0.00M, Peak:0.00M | Coop A - Levels 1 to 5 - shared mesh, ViewLayer | Synchronizing object | Lv1 label
Fra:1 Mem:52.84M (Peak 52.84M) | Time:00:00.01 | Mem:0.00M, Peak:0.00M | Coop A - Levels 1 to 5 - shared mesh, ViewLayer | Synchronizing object | Lv2 label
Fra:1 Mem:53.02M (Peak 53.02M) | Time:00:00.01 | Mem:0.00M, Peak:0.00M | Coop A - Levels 1 to 5 - shared mesh, ViewLayer | Synchronizing object | Lv3 label
Fra:1 Mem:53.06M (Peak 53.06M) | Time:00:00.01 | Mem:0.00M, Peak:0.00M | Coop A - Levels 1 to 5 - shared mesh, ViewLayer | Synchronizing object | Lv4 label
Fra:1 Mem:53.15M (Peak 53.15M) | Time:00:00.01 | Mem:0.00M, Peak:0.00M | Coop A - Levels 1 to 5 - shared mesh, ViewLayer | Synchronizing object | Lv5 label
Fra:1 Mem:53.22M (Peak 53.22M) | Time:00:00.01 | Mem:0.00M, Peak:0.00M | Coop A - Levels 1 to 5 - shared mesh, ViewLayer | Synchronizing object | Preview key - soft daylight
Fra:1 Mem:53.22M (Peak 53.22M) | Time:00:00.01 | Mem:0.00M, Peak:0.00M | Coop A - Levels 1 to 5 - shared mesh, ViewLayer | Synchronizing object | Preview floor - never export
Fra:1 Mem:53.22M (Peak 53.22M) | Time:00:00.01 | Mem:0.00M, Peak:0.00M | Coop A - Levels 1 to 5 - shared mesh, ViewLayer | Initializing
Fra:1 Mem:52.33M (Peak 53.22M) | Time:00:00.01 | Mem:0.00M, Peak:0.00M | Coop A - Levels 1 to 5 - shared mesh, ViewLayer | Updating Images | Loading TFP_Atlas_1A - existing PSD composite
Fra:1 Mem:67.72M (Peak 84.34M) | Time:00:00.14 | Mem:16.00M, Peak:16.00M | Coop A - Levels 1 to 5 - shared mesh, ViewLayer | Waiting for render to start
Fra:1 Mem:67.72M (Peak 84.34M) | Time:00:00.14 | Mem:16.00M, Peak:16.00M | Coop A - Levels 1 to 5 - shared mesh, ViewLayer | Updating Scene
Fra:1 Mem:67.72M (Peak 84.34M) | Time:00:00.14 | Mem:16.00M, Peak:16.00M | Coop A - Levels 1 to 5 - shared mesh, ViewLayer | Updating Shaders
Fra:1 Mem:67.72M (Peak 84.34M) | Time:00:00.14 | Mem:16.00M, Peak:16.00M | Coop A - Levels 1 to 5 - shared mesh, ViewLayer | Loading render kernels (may take a few minutes the first time)
Fra:1 Mem:67.81M (Peak 84.34M) | Time:00:00.15 | Mem:16.00M, Peak:16.00M | Coop A - Levels 1 to 5 - shared mesh, ViewLayer | Updating Procedurals
Fra:1 Mem:67.81M (Peak 84.34M) | Time:00:00.15 | Mem:16.00M, Peak:16.00M | Coop A - Levels 1 to 5 - shared mesh, ViewLayer | Updating Background
Fra:1 Mem:67.81M (Peak 84.34M) | Time:00:00.15 | Mem:16.00M, Peak:16.00M | Coop A - Levels 1 to 5 - shared mesh, ViewLayer | Updating Camera
Fra:1 Mem:67.81M (Peak 84.34M) | Time:00:00.15 | Mem:16.00M, Peak:16.00M | Coop A - Levels 1 to 5 - shared mesh, ViewLayer | Updating Meshes Flags
Fra:1 Mem:67.81M (Peak 84.34M) | Time:00:00.15 | Mem:16.00M, Peak:16.00M | Coop A - Levels 1 to 5 - shared mesh, ViewLayer | Updating Objects
Fra:1 Mem:67.81M (Peak 84.34M) | Time:00:00.15 | Mem:16.00M, Peak:16.00M | Coop A - Levels 1 to 5 - shared mesh, ViewLayer | Updating Objects | Copying Transformations to device
Fra:1 Mem:67.81M (Peak 84.34M) | Time:00:00.15 | Mem:16.01M, Peak:16.01M | Coop A - Levels 1 to 5 - shared mesh, ViewLayer | Updating Particle Systems
Fra:1 Mem:67.81M (Peak 84.34M) | Time:00:00.15 | Mem:16.01M, Peak:16.01M | Coop A - Levels 1 to 5 - shared mesh, ViewLayer | Updating Particle Systems | Copying Particles to device
Fra:1 Mem:67.81M (Peak 84.34M) | Time:00:00.15 | Mem:16.01M, Peak:16.01M | Coop A - Levels 1 to 5 - shared mesh, ViewLayer | Updating Meshes
Fra:1 Mem:67.81M (Peak 84.34M) | Time:00:00.15 | Mem:16.01M, Peak:16.01M | Coop A - Levels 1 to 5 - shared mesh, ViewLayer | Updating Objects | Applying Static Transformations
Fra:1 Mem:67.81M (Peak 84.34M) | Time:00:00.15 | Mem:16.01M, Peak:16.01M | Coop A - Levels 1 to 5 - shared mesh, ViewLayer | Updating Mesh | Computing attributes
Fra:1 Mem:67.96M (Peak 84.34M) | Time:00:00.15 | Mem:16.01M, Peak:16.01M | Coop A - Levels 1 to 5 - shared mesh, ViewLayer | Updating Mesh | Copying Attributes to device
Fra:1 Mem:67.96M (Peak 84.34M) | Time:00:00.15 | Mem:16.16M, Peak:16.16M | Coop A - Levels 1 to 5 - shared mesh, ViewLayer | Updating Geometry BVH WallBoards_front_Mesh.001 2/1 | Building BVH
Fra:1 Mem:67.96M (Peak 84.34M) | Time:00:00.15 | Mem:16.26M, Peak:16.26M | Coop A - Levels 1 to 5 - shared mesh, ViewLayer | Updating Geometry BVH WallBoards_front_Mesh.001 2/1 | Building BVH 0%
Fra:1 Mem:67.96M (Peak 84.34M) | Time:00:00.15 | Mem:16.38M, Peak:16.48M | Coop A - Levels 1 to 5 - shared mesh, ViewLayer | Updating Scene BVH | Building
Fra:1 Mem:67.96M (Peak 84.34M) | Time:00:00.15 | Mem:16.38M, Peak:16.48M | Coop A - Levels 1 to 5 - shared mesh, ViewLayer | Updating Scene BVH | Building BVH
Fra:1 Mem:67.96M (Peak 84.34M) | Time:00:00.15 | Mem:16.62M, Peak:16.71M | Coop A - Levels 1 to 5 - shared mesh, ViewLayer | Updating Scene BVH | Copying BVH to device
Fra:1 Mem:67.96M (Peak 84.34M) | Time:00:00.15 | Mem:16.62M, Peak:16.71M | Coop A - Levels 1 to 5 - shared mesh, ViewLayer | Updating Mesh | Computing normals
Fra:1 Mem:68.21M (Peak 84.34M) | Time:00:00.15 | Mem:16.62M, Peak:16.71M | Coop A - Levels 1 to 5 - shared mesh, ViewLayer | Updating Mesh | Copying Mesh to device
Fra:1 Mem:68.21M (Peak 84.34M) | Time:00:00.15 | Mem:16.86M, Peak:16.86M | Coop A - Levels 1 to 5 - shared mesh, ViewLayer | Updating Objects Flags
Fra:1 Mem:68.21M (Peak 84.34M) | Time:00:00.15 | Mem:16.86M, Peak:16.86M | Coop A - Levels 1 to 5 - shared mesh, ViewLayer | Updating Primitive Offsets
Fra:1 Mem:68.21M (Peak 84.34M) | Time:00:00.15 | Mem:16.86M, Peak:16.86M | Coop A - Levels 1 to 5 - shared mesh, ViewLayer | Updating Images
Fra:1 Mem:68.21M (Peak 84.34M) | Time:00:00.15 | Mem:16.86M, Peak:16.86M | Coop A - Levels 1 to 5 - shared mesh, ViewLayer | Updating Camera Volume
Fra:1 Mem:68.21M (Peak 84.34M) | Time:00:00.15 | Mem:16.86M, Peak:16.86M | Coop A - Levels 1 to 5 - shared mesh, ViewLayer | Updating Lookup Tables
Fra:1 Mem:68.21M (Peak 84.34M) | Time:00:00.15 | Mem:16.94M, Peak:16.94M | Coop A - Levels 1 to 5 - shared mesh, ViewLayer | Updating Lights
Fra:1 Mem:68.21M (Peak 84.34M) | Time:00:00.15 | Mem:16.94M, Peak:16.94M | Coop A - Levels 1 to 5 - shared mesh, ViewLayer | Updating Lights | Computing tree
Fra:1 Mem:68.22M (Peak 84.34M) | Time:00:00.15 | Mem:16.96M, Peak:16.96M | Coop A - Levels 1 to 5 - shared mesh, ViewLayer | Updating Integrator
Fra:1 Mem:68.22M (Peak 84.34M) | Time:00:00.15 | Mem:16.96M, Peak:16.96M | Coop A - Levels 1 to 5 - shared mesh, ViewLayer | Updating Film
Fra:1 Mem:68.23M (Peak 84.34M) | Time:00:00.15 | Mem:16.88M, Peak:16.96M | Coop A - Levels 1 to 5 - shared mesh, ViewLayer | Updating Lookup Tables
Fra:1 Mem:68.23M (Peak 84.34M) | Time:00:00.15 | Mem:16.96M, Peak:16.96M | Coop A - Levels 1 to 5 - shared mesh, ViewLayer | Updating Baking
Fra:1 Mem:68.23M (Peak 84.34M) | Time:00:00.15 | Mem:16.96M, Peak:16.96M | Coop A - Levels 1 to 5 - shared mesh, ViewLayer | Updating Device | Writing constant memory
Fra:1 Mem:68.23M (Peak 84.34M) | Time:00:00.15 | Mem:16.96M, Peak:16.96M | Coop A - Levels 1 to 5 - shared mesh, ViewLayer | Loading denoising kernels (may take a few minutes the first time)
Fra:1 Mem:68.23M (Peak 84.34M) | Time:00:00.15 | Mem:16.96M, Peak:16.96M | Coop A - Levels 1 to 5 - shared mesh, ViewLayer | Sample 0/24
Fra:1 Mem:203.86M (Peak 203.86M) | Time:00:02.05 | Remaining:00:43.73 | Mem:152.51M, Peak:152.51M | Coop A - Levels 1 to 5 - shared mesh, ViewLayer | Sample 1/24
Fra:1 Mem:203.86M (Peak 203.86M) | Time:00:33.12 | Remaining:00:13.57 | Mem:152.51M, Peak:152.51M | Coop A - Levels 1 to 5 - shared mesh, ViewLayer | Sample 17/24
Fra:1 Mem:260.93M (Peak 346.53M) | Time:01:11.11 | Mem:152.51M, Peak:152.51M | Coop A - Levels 1 to 5 - shared mesh, ViewLayer | Sample 24/24
Fra:1 Mem:260.93M (Peak 346.53M) | Time:01:11.11 | Mem:152.51M, Peak:152.51M | Coop A - Levels 1 to 5 - shared mesh, ViewLayer | Finished
Saved: 'C:\GitHub\Unity 6.000LTS - Nature Paradise\Natureparadaise-Saveavillage\ArtSource\Coop_A\Previews\Coop_A_Levels_1_to_5.png'
Time: 01:11.40 (Saving: 00:00.28)

COOP_PREVIEWS_PASS: real combined mesh renders complete; saved production files unchanged.

Blender quit
