Built from '6000.0/staging' branch; Version is '6000.0.81f1 (6238fec1e98f) revision 6437118'; Using compiler version '193933523'; Build Type 'Release'
[Licensing::Module] Trying to connect to existing licensing client channel...
[Licensing::IpcConnector] Channel LicenseClient-huxel doesn't exist
OS: 'Windows 11  (10.0.26300) CoreSingleLanguage' Language: 'en' Physical Memory: 22405 MB
BatchMode: 1, IsHumanControllingUs: 0, StartBugReporterOnCrash: 0, Is64bit: 1
System  architecture: x64
Process architecture: x64
Date: 2026-10-10T18:39:14Z
[Licensing::Module] Successfully launched the LicensingClient (PId: 11160)

COMMAND LINE ARGUMENTS:
C:\Program Files\Unity\Hub\Editor\6000.0.81f1\Editor\Unity.exe
-batchmode
-projectPath
C:/GitHub/Unity 6.000LTS - Nature Paradise/Natureparadaise-Saveavillage
-executeMethod
CoopApprovedExteriorSetup.Apply
-quit
-logFile
C:/GitHub/Unity 6.000LTS - Nature Paradise/Natureparadaise-Saveavillage/ArtSource/Coop_A/Previews/UnityApply.log
Successfully changed project path to: C:/GitHub/Unity 6.000LTS - Nature Paradise/Natureparadaise-Saveavillage
C:/GitHub/Unity 6.000LTS - Nature Paradise/Natureparadaise-Saveavillage
[UnityMemory] Configuration Parameters - Can be set up in boot.config
    "memorysetup-bucket-allocator-granularity=16"
    "memorysetup-bucket-allocator-bucket-count=8"
    "memorysetup-bucket-allocator-block-size=33554432"
    "memorysetup-bucket-allocator-block-count=8"
    "memorysetup-main-allocator-block-size=16777216"
    "memorysetup-thread-allocator-block-size=16777216"
    "memorysetup-gfx-main-allocator-block-size=16777216"
    "memorysetup-gfx-thread-allocator-block-size=16777216"
    "memorysetup-cache-allocator-block-size=4194304"
    "memorysetup-typetree-allocator-block-size=2097152"
    "memorysetup-profiler-bucket-allocator-granularity=16"
    "memorysetup-profiler-bucket-allocator-bucket-count=8"
    "memorysetup-profiler-bucket-allocator-block-size=33554432"
    "memorysetup-profiler-bucket-allocator-block-count=8"
    "memorysetup-profiler-allocator-block-size=16777216"
    "memorysetup-profiler-editor-allocator-block-size=1048576"
    "memorysetup-temp-allocator-size-main=16777216"
    "memorysetup-job-temp-allocator-block-size=2097152"
    "memorysetup-job-temp-allocator-block-size-background=1048576"
    "memorysetup-job-temp-allocator-reduction-small-platforms=262144"
    "memorysetup-allocator-temp-initial-block-size-main=262144"
    "memorysetup-allocator-temp-initial-block-size-worker=262144"
    "memorysetup-temp-allocator-size-background-worker=32768"
    "memorysetup-temp-allocator-size-job-worker=262144"
    "memorysetup-temp-allocator-size-preload-manager=33554432"
    "memorysetup-temp-allocator-size-nav-mesh-worker=65536"
    "memorysetup-temp-allocator-size-audio-worker=65536"
    "memorysetup-temp-allocator-size-cloud-worker=32768"
    "memorysetup-temp-allocator-size-gi-baking-worker=262144"
    "memorysetup-temp-allocator-size-gi-baking-worker=262144"
    "memorysetup-temp-allocator-size-gi-baking-worker=262144"
    "memorysetup-temp-allocator-size-gi-baking-worker=262144"
    "memorysetup-temp-allocator-size-gi-baking-worker=262144"
    "memorysetup-temp-allocator-size-gfx=262144"
Player connection [3488]  Target information:

Player connection [3488]  * "[IP] 192.168.1.6 [Port] 55504 [Flags] 2 [Guid] 1891396856 [EditorId] 1891396856 [Version] 1048832 [Id] WindowsEditor(7,FrostY) [Debug] 1 [PackageName] WindowsEditor [ProjectName] Editor" 

Player connection [3488] Host joined multi-casting on [225.0.0.222:54997]...
Player connection [3488] Host joined alternative multi-casting on [225.0.0.222:34997]...
Input System module state changed to: Initialized.
[Physics::Module] Initialized fallback backend.
[Physics::Module] Id: 0xdecafbad
[Licensing::IpcConnector] Successfully connected to: "LicenseClient-huxel" at "2026-10-10T18:39:15.5479743Z"
[Licensing::Client] Code 10 while verifying Licensing Client signature (process Id: 11160, path: "C:/Program Files/Unity/Hub/Editor/6000.0.81f1/Editor/Data/Resources/Licensing/Client/Unity.Licensing.Client.exe")
[Licensing::Module] LicensingClient has failed validation; ignoring
[Package Manager] Connected to IPC stream "Upm-21008" after 0.9 seconds.
Library Redirect Path: Library/
[Licensing::Client] Handshaking with LicensingClient:
  Version:                 1.17.4+4293ba1
  Session Id:              4080cea6149e4b5a992f06d362e638a0
  Correlation Id:          b4d9fafad112c1ddecc50b4b46fe0cf7
  External correlation Id: 3516921027573185548
  Machine Id:              Qs9pZQQ1TkGzJCxrOHhsBdfscsM=
[Licensing::Module] Successfully connected to LicensingClient on channel: "LicenseClient-huxel" (connect: 0.57s, validation: 0.34s, handshake: 0.15s)
[Licensing::IpcConnector] Successfully connected to: "LicenseClient-huxel-notifications" at "2026-10-10T18:39:16.0367481Z"
[Licensing::Module] Connected to LicensingClient (PId: 11160, launch time: 0.01, total connection time: 1.05s)
[Licensing::Module] Error: Access token is unavailable; failed to update
[Licensing::Client] Successfully resolved entitlement details
[Licensing::Module] License group:
  Id: 18967150433178-UnityPersXXXX
  Product: Unity Personal
  Type: Assigned
  Expiration: Unlimited
[Licensing::Client] Successfully updated license, isAsync: True, time: 0.03
[Licensing::Client] Successfully resolved entitlement details
[Licensing::Module] Licensing Background thread has ended after 1.19s
[Physics::Module] Selected backend.
[Physics::Module] Name: PhysX
[Physics::Module] Id: 0xf2b8ea05
[Physics::Module] SDK Version: 4.1.2
[Physics::Module] Integration Version: 1.0.0
[Physics::Module] Threading Mode: Multi-Threaded
Artifact Garbage Collection - Removed 10 unused hashed content filesRefreshing native plugins compatible for Editor in 2.45 ms, found 0 plugins.
Preloading 0 native plugins for Editor in 0.00 ms.
Initialize engine version: 6000.0.81f1 (6238fec1e98f)
[Subsystems] Discovering subsystems at path C:/Program Files/Unity/Hub/Editor/6000.0.81f1/Editor/Data/Resources/UnitySubsystems
[Subsystems] Discovering subsystems at path C:/GitHub/Unity 6.000LTS - Nature Paradise/Natureparadaise-Saveavillage/Assets
GfxDevice: creating device client; kGfxThreadingModeNonThreaded
Direct3D:
    Version:  Direct3D 11.0 [level 11.1]
    Renderer: NVIDIA GeForce GTX 1050 (ID=0x1c91)
    Vendor:   NVIDIA
    VRAM:     2981 MB
    Driver:   32.0.15.8183
Initialize mono
Mono path[0] = 'C:/Program Files/Unity/Hub/Editor/6000.0.81f1/Editor/Data/Managed'
Mono path[1] = 'C:/Program Files/Unity/Hub/Editor/6000.0.81f1/Editor/Data/MonoBleedingEdge/lib/mono/unityjit-win32'
Mono config path = 'C:/Program Files/Unity/Hub/Editor/6000.0.81f1/Editor/Data/MonoBleedingEdge/etc'
Using monoOptions --debugger-agent=transport=dt_socket,embedding=1,server=y,suspend=n,address=127.0.0.1:56008
Using cacheserver namespaces - metadata:defaultmetadata, artifacts:defaultartifacts
Using cacheserver namespaces - metadata:defaultmetadata, artifacts:defaultartifacts
ImportWorker Server TCP listen port: 0
AcceleratorClientConnectionCallback - disconnected - :0
Begin MonoManager ReloadAssembly
Registering precompiled unity dll's ...
Register platform support module: C:/Program Files/Unity/Hub/Editor/6000.0.81f1/Editor/Data/PlaybackEngines/WindowsStandaloneSupport/UnityEditor.WindowsStandalone.Extensions.dll
[Licensing::Client] Successfully resolved entitlement details
Register platform support module: C:/Program Files/Unity/Hub/Editor/6000.0.81f1/Editor/Data/PlaybackEngines/AndroidPlayer/UnityEditor.Android.Extensions.dll
[Licensing::Client] Successfully resolved entitlement details
Register platform support module: C:/Program Files/Unity/Hub/Editor/6000.0.81f1/Editor/Data/PlaybackEngines/iOSSupport/UnityEditor.iOS.Extensions.dll
Registered in 0.021259 seconds.
- Loaded All Assemblies, in  0.712 seconds
Native extension for iOS target not found
Native extension for Android target not found
Android Extension - Scanning For ADB Devices 2384 ms
Native extension for WindowsStandalone target not found
Package Manager log level set to [2]
Mono: successfully reloaded assembly
- Finished resetting the current domain, in  3.098 seconds
Domain Reload Profiling: 3803ms
	BeginReloadAssembly (223ms)
		ExecutionOrderSort (0ms)
		DisableScriptedObjects (0ms)
		BackupInstance (0ms)
		ReleaseScriptingObjects (0ms)
		CreateAndSetChildDomain (1ms)
	RebuildCommonClasses (67ms)
	RebuildNativeTypeToScriptingClass (21ms)
	initialDomainReloadingComplete (105ms)
	LoadAllAssembliesAndSetupDomain (288ms)
		LoadAssemblies (215ms)
		RebuildTransferFunctionScriptingTraits (0ms)
		AnalyzeDomain (283ms)
			TypeCache.Refresh (280ms)
				TypeCache.ScanAssembly (259ms)
			BuildScriptInfoCaches (0ms)
			ResolveRequiredComponents (1ms)
	FinalizeReload (3099ms)
		ReleaseScriptCaches (0ms)
		RebuildScriptCaches (0ms)
		SetupLoadedEditorAssemblies (3031ms)
			LogAssemblyErrors (0ms)
			InitializePlatformSupportModulesInManaged (2544ms)
			SetLoadedEditorAssemblies (11ms)
			BeforeProcessingInitializeOnLoad (116ms)
			ProcessInitializeOnLoadAttributes (234ms)
			ProcessInitializeOnLoadMethodAttributes (126ms)
			AfterProcessingInitializeOnLoad (0ms)
			EditorAssembliesLoaded (0ms)
		ExecutionOrderSort2 (0ms)
		AwakeInstancesAfterBackupRestoration (0ms)
[Licensing::Client] Successfully resolved entitlement details
Application.AssetDatabase Initial Refresh Start
[Package Manager] Restoring resolved packages state from cache
[Licensing::Client] Successfully resolved entitlement details
[Package Manager] Registered 65 packages:
  Packages from [https://packages.unity.com]:
    com.unity.ai.assistant@2.17.0-pre.1 (location: C:\GitHub\Unity 6.000LTS - Nature Paradise\Natureparadaise-Saveavillage\Library\PackageCache\com.unity.ai.assistant@284c75a8d208)
    com.unity.ai.inference@2.6.1 (location: C:\GitHub\Unity 6.000LTS - Nature Paradise\Natureparadaise-Saveavillage\Library\PackageCache\com.unity.ai.inference@9a123aee5df7)
    com.unity.collab-proxy@2.12.4 (location: C:\GitHub\Unity 6.000LTS - Nature Paradise\Natureparadaise-Saveavillage\Library\PackageCache\com.unity.collab-proxy@0b1559bcd34e)
    com.unity.ide.rider@3.0.39 (location: C:\GitHub\Unity 6.000LTS - Nature Paradise\Natureparadaise-Saveavillage\Library\PackageCache\com.unity.ide.rider@4504839d03f7)
    com.unity.ide.visualstudio@2.0.27 (location: C:\GitHub\Unity 6.000LTS - Nature Paradise\Natureparadaise-Saveavillage\Library\PackageCache\com.unity.ide.visualstudio@dc1ddd4f09b6)
    com.unity.inputsystem@1.19.0 (location: C:\GitHub\Unity 6.000LTS - Nature Paradise\Natureparadaise-Saveavillage\Library\PackageCache\com.unity.inputsystem@21a28c3a6c83)
    com.unity.timeline@1.8.12 (location: C:\GitHub\Unity 6.000LTS - Nature Paradise\Natureparadaise-Saveavillage\Library\PackageCache\com.unity.timeline@8cd8509afae5)
    com.unity.visualscripting@1.9.11 (location: C:\GitHub\Unity 6.000LTS - Nature Paradise\Natureparadaise-Saveavillage\Library\PackageCache\com.unity.visualscripting@8bed5ad90189)
    com.unity.mobile.android-logcat@1.4.7 (location: C:\GitHub\Unity 6.000LTS - Nature Paradise\Natureparadaise-Saveavillage\Library\PackageCache\com.unity.mobile.android-logcat@a8a404f035b3)
    com.unity.adaptiveperformance@5.1.6 (location: C:\GitHub\Unity 6.000LTS - Nature Paradise\Natureparadaise-Saveavillage\Library\PackageCache\com.unity.adaptiveperformance@de279be9c429)
    com.unity.mobile.notifications@2.4.3 (location: C:\GitHub\Unity 6.000LTS - Nature Paradise\Natureparadaise-Saveavillage\Library\PackageCache\com.unity.mobile.notifications@53b584f4d5cd)
    com.unity.burst@1.8.30 (location: C:\GitHub\Unity 6.000LTS - Nature Paradise\Natureparadaise-Saveavillage\Library\PackageCache\com.unity.burst@2f3d916873ea)
    com.unity.dt.app-ui@1.3.6 (location: C:\GitHub\Unity 6.000LTS - Nature Paradise\Natureparadaise-Saveavillage\Library\PackageCache\com.unity.dt.app-ui@3bbd9e4c5c92)
    com.unity.collections@2.6.8 (location: C:\GitHub\Unity 6.000LTS - Nature Paradise\Natureparadaise-Saveavillage\Library\PackageCache\com.unity.collections@84e8eb3fc12e)
    com.unity.nuget.newtonsoft-json@3.2.2 (location: C:\GitHub\Unity 6.000LTS - Nature Paradise\Natureparadaise-Saveavillage\Library\PackageCache\com.unity.nuget.newtonsoft-json@4dfd81071c64)
    com.unity.mathematics@1.3.2 (location: C:\GitHub\Unity 6.000LTS - Nature Paradise\Natureparadaise-Saveavillage\Library\PackageCache\com.unity.mathematics@8017b507cc74)
    com.unity.nuget.mono-cecil@1.11.6 (location: C:\GitHub\Unity 6.000LTS - Nature Paradise\Natureparadaise-Saveavillage\Library\PackageCache\com.unity.nuget.mono-cecil@ecb9724e46ff)
    com.unity.searcher@4.9.3 (location: C:\GitHub\Unity 6.000LTS - Nature Paradise\Natureparadaise-Saveavillage\Library\PackageCache\com.unity.searcher@1e17ce91558d)
    com.unity.profiling.core@1.0.3 (location: C:\GitHub\Unity 6.000LTS - Nature Paradise\Natureparadaise-Saveavillage\Library\PackageCache\com.unity.profiling.core@8a49f7027d06)
    com.unity.test-framework.performance@3.5.0 (location: C:\GitHub\Unity 6.000LTS - Nature Paradise\Natureparadaise-Saveavillage\Library\PackageCache\com.unity.test-framework.performance@8b56083ec0f0)
  Built-in packages:
    com.unity.feature.mobile@1.0.0 (location: C:\GitHub\Unity 6.000LTS - Nature Paradise\Natureparadaise-Saveavillage\Library\PackageCache\com.unity.feature.mobile@00f8a2b6a6fb)
    com.unity.multiplayer.center@1.0.0 (location: C:\GitHub\Unity 6.000LTS - Nature Paradise\Natureparadaise-Saveavillage\Library\PackageCache\com.unity.multiplayer.center@f3fb577b3546)
    com.unity.render-pipelines.universal@17.0.4 (location: C:\GitHub\Unity 6.000LTS - Nature Paradise\Natureparadaise-Saveavillage\Library\PackageCache\com.unity.render-pipelines.universal@960febc0b6cb)
    com.unity.ugui@2.0.0 (location: C:\GitHub\Unity 6.000LTS - Nature Paradise\Natureparadaise-Saveavillage\Library\PackageCache\com.unity.ugui@4601c9db1b9b)
    com.unity.modules.accessibility@1.0.0 (location: C:\GitHub\Unity 6.000LTS - Nature Paradise\Natureparadaise-Saveavillage\Library\PackageCache\com.unity.modules.accessibility)
    com.unity.modules.ai@1.0.0 (location: C:\GitHub\Unity 6.000LTS - Nature Paradise\Natureparadaise-Saveavillage\Library\PackageCache\com.unity.modules.ai)
    com.unity.modules.androidjni@1.0.0 (location: C:\GitHub\Unity 6.000LTS - Nature Paradise\Natureparadaise-Saveavillage\Library\PackageCache\com.unity.modules.androidjni)
    com.unity.modules.animation@1.0.0 (location: C:\GitHub\Unity 6.000LTS - Nature Paradise\Natureparadaise-Saveavillage\Library\PackageCache\com.unity.modules.animation)
    com.unity.modules.assetbundle@1.0.0 (location: C:\GitHub\Unity 6.000LTS - Nature Paradise\Natureparadaise-Saveavillage\Library\PackageCache\com.unity.modules.assetbundle)
    com.unity.modules.audio@1.0.0 (location: C:\GitHub\Unity 6.000LTS - Nature Paradise\Natureparadaise-Saveavillage\Library\PackageCache\com.unity.modules.audio)
    com.unity.modules.cloth@1.0.0 (location: C:\GitHub\Unity 6.000LTS - Nature Paradise\Natureparadaise-Saveavillage\Library\PackageCache\com.unity.modules.cloth)
    com.unity.modules.director@1.0.0 (location: C:\GitHub\Unity 6.000LTS - Nature Paradise\Natureparadaise-Saveavillage\Library\PackageCache\com.unity.modules.director)
    com.unity.modules.imageconversion@1.0.0 (location: C:\GitHub\Unity 6.000LTS - Nature Paradise\Natureparadaise-Saveavillage\Library\PackageCache\com.unity.modules.imageconversion)
    com.unity.modules.imgui@1.0.0 (location: C:\GitHub\Unity 6.000LTS - Nature Paradise\Natureparadaise-Saveavillage\Library\PackageCache\com.unity.modules.imgui)
    com.unity.modules.jsonserialize@1.0.0 (location: C:\GitHub\Unity 6.000LTS - Nature Paradise\Natureparadaise-Saveavillage\Library\PackageCache\com.unity.modules.jsonserialize)
    com.unity.modules.particlesystem@1.0.0 (location: C:\GitHub\Unity 6.000LTS - Nature Paradise\Natureparadaise-Saveavillage\Library\PackageCache\com.unity.modules.particlesystem)
    com.unity.modules.physics@1.0.0 (location: C:\GitHub\Unity 6.000LTS - Nature Paradise\Natureparadaise-Saveavillage\Library\PackageCache\com.unity.modules.physics)
    com.unity.modules.physics2d@1.0.0 (location: C:\GitHub\Unity 6.000LTS - Nature Paradise\Natureparadaise-Saveavillage\Library\PackageCache\com.unity.modules.physics2d)
    com.unity.modules.screencapture@1.0.0 (location: C:\GitHub\Unity 6.000LTS - Nature Paradise\Natureparadaise-Saveavillage\Library\PackageCache\com.unity.modules.screencapture)
    com.unity.modules.terrain@1.0.0 (location: C:\GitHub\Unity 6.000LTS - Nature Paradise\Natureparadaise-Saveavillage\Library\PackageCache\com.unity.modules.terrain)
    com.unity.modules.terrainphysics@1.0.0 (location: C:\GitHub\Unity 6.000LTS - Nature Paradise\Natureparadaise-Saveavillage\Library\PackageCache\com.unity.modules.terrainphysics)
    com.unity.modules.tilemap@1.0.0 (location: C:\GitHub\Unity 6.000LTS - Nature Paradise\Natureparadaise-Saveavillage\Library\PackageCache\com.unity.modules.tilemap)
    com.unity.modules.ui@1.0.0 (location: C:\GitHub\Unity 6.000LTS - Nature Paradise\Natureparadaise-Saveavillage\Library\PackageCache\com.unity.modules.ui)
    com.unity.modules.uielements@1.0.0 (location: C:\GitHub\Unity 6.000LTS - Nature Paradise\Natureparadaise-Saveavillage\Library\PackageCache\com.unity.modules.uielements)
    com.unity.modules.umbra@1.0.0 (location: C:\GitHub\Unity 6.000LTS - Nature Paradise\Natureparadaise-Saveavillage\Library\PackageCache\com.unity.modules.umbra)
    com.unity.modules.unityanalytics@1.0.0 (location: C:\GitHub\Unity 6.000LTS - Nature Paradise\Natureparadaise-Saveavillage\Library\PackageCache\com.unity.modules.unityanalytics)
    com.unity.modules.unitywebrequest@1.0.0 (location: C:\GitHub\Unity 6.000LTS - Nature Paradise\Natureparadaise-Saveavillage\Library\PackageCache\com.unity.modules.unitywebrequest)
    com.unity.modules.unitywebrequestassetbundle@1.0.0 (location: C:\GitHub\Unity 6.000LTS - Nature Paradise\Natureparadaise-Saveavillage\Library\PackageCache\com.unity.modules.unitywebrequestassetbundle)
    com.unity.modules.unitywebrequestaudio@1.0.0 (location: C:\GitHub\Unity 6.000LTS - Nature Paradise\Natureparadaise-Saveavillage\Library\PackageCache\com.unity.modules.unitywebrequestaudio)
    com.unity.modules.unitywebrequesttexture@1.0.0 (location: C:\GitHub\Unity 6.000LTS - Nature Paradise\Natureparadaise-Saveavillage\Library\PackageCache\com.unity.modules.unitywebrequesttexture)
    com.unity.modules.unitywebrequestwww@1.0.0 (location: C:\GitHub\Unity 6.000LTS - Nature Paradise\Natureparadaise-Saveavillage\Library\PackageCache\com.unity.modules.unitywebrequestwww)
    com.unity.modules.vehicles@1.0.0 (location: C:\GitHub\Unity 6.000LTS - Nature Paradise\Natureparadaise-Saveavillage\Library\PackageCache\com.unity.modules.vehicles)
    com.unity.modules.video@1.0.0 (location: C:\GitHub\Unity 6.000LTS - Nature Paradise\Natureparadaise-Saveavillage\Library\PackageCache\com.unity.modules.video)
    com.unity.modules.vr@1.0.0 (location: C:\GitHub\Unity 6.000LTS - Nature Paradise\Natureparadaise-Saveavillage\Library\PackageCache\com.unity.modules.vr)
    com.unity.modules.wind@1.0.0 (location: C:\GitHub\Unity 6.000LTS - Nature Paradise\Natureparadaise-Saveavillage\Library\PackageCache\com.unity.modules.wind)
    com.unity.modules.xr@1.0.0 (location: C:\GitHub\Unity 6.000LTS - Nature Paradise\Natureparadaise-Saveavillage\Library\PackageCache\com.unity.modules.xr)
    com.unity.modules.subsystems@1.0.0 (location: C:\GitHub\Unity 6.000LTS - Nature Paradise\Natureparadaise-Saveavillage\Library\PackageCache\com.unity.modules.subsystems)
    com.unity.modules.hierarchycore@1.0.0 (location: C:\GitHub\Unity 6.000LTS - Nature Paradise\Natureparadaise-Saveavillage\Library\PackageCache\com.unity.modules.hierarchycore)
    com.unity.render-pipelines.core@17.0.4 (location: C:\GitHub\Unity 6.000LTS - Nature Paradise\Natureparadaise-Saveavillage\Library\PackageCache\com.unity.render-pipelines.core@8e828b9223c8)
    com.unity.shadergraph@17.0.4 (location: C:\GitHub\Unity 6.000LTS - Nature Paradise\Natureparadaise-Saveavillage\Library\PackageCache\com.unity.shadergraph@14250cfec0ec)
    com.unity.render-pipelines.universal-config@17.0.3 (location: C:\GitHub\Unity 6.000LTS - Nature Paradise\Natureparadaise-Saveavillage\Library\PackageCache\com.unity.render-pipelines.universal-config@dd206bf35d04)
    com.unity.test-framework@1.6.0 (location: C:\GitHub\Unity 6.000LTS - Nature Paradise\Natureparadaise-Saveavillage\Library\PackageCache\com.unity.test-framework@082c24152fd4)
    com.unity.ext.nunit@2.0.5 (location: C:\GitHub\Unity 6.000LTS - Nature Paradise\Natureparadaise-Saveavillage\Library\PackageCache\com.unity.ext.nunit@031a54704bff)
    com.unity.2d.sprite@1.0.0 (location: C:\GitHub\Unity 6.000LTS - Nature Paradise\Natureparadaise-Saveavillage\Library\PackageCache\com.unity.2d.sprite@0eb6ea2c7181)
    com.unity.rendering.light-transport@1.0.1 (location: C:\GitHub\Unity 6.000LTS - Nature Paradise\Natureparadaise-Saveavillage\Library\PackageCache\com.unity.rendering.light-transport@9bd588f963c0)
[Subsystems] No new subsystems found in resolved package list.
[Package Manager] Done registering packages in 0.10 seconds
[ScriptCompilation] Requested script compilation because: Assetdatabase observed changes in script compilation related files
Refreshing native plugins compatible for Editor in 13.31 ms, found 5 plugins.
Starting: C:\Program Files\Unity\Hub\Editor\6000.0.81f1\Editor\Data\bee_backend.exe --ipc --defer-dag-verification --dagfile="Library/Bee/1900b0aE.dag" --continue-on-failure --profile="Library/Bee/backend1.traceevents" ScriptAssemblies
WorkingDir: C:/GitHub/Unity 6.000LTS - Nature Paradise/Natureparadaise-Saveavillage
DisplayProgressbar: Compiling Scripts
ExitCode: 0 Duration: 7s661ms
[1161/1529  0s] ILPP-Configuration Library/ilpp-configuration.nevergeneratedoutput
[1525/1529  4s] Csc Library/Bee/artifacts/1900b0aE.dag/Assembly-CSharp-Editor.dll (+2 others)
[1526/1529  0s] ILPostProcess Library/Bee/artifacts/1900b0aE.dag/post-processed/Assembly-CSharp-Editor.dll (+pdb)
Processing assembly Library/Bee/artifacts/1900b0aE.dag/Assembly-CSharp-Editor.dll, with 131 defines and 356 references

processors: Unity.Jobs.CodeGen.JobsILPostProcessor, zzzUnity.Burst.CodeGen.BurstILPostProcessor

running Unity.Jobs.CodeGen.JobsILPostProcessor

running zzzUnity.Burst.CodeGen.BurstILPostProcessor
[1527/1529  0s] CopyFiles Library/ScriptAssemblies/Assembly-CSharp-Editor.pdb
[1528/1529  0s] CopyFiles Library/ScriptAssemblies/Assembly-CSharp-Editor.dll
*** Tundra build success (7.59 seconds), 5 items updated, 1529 evaluated
AssetDatabase: script compilation time: 8.696294s
Begin MonoManager ReloadAssembly
- Loaded All Assemblies, in  3.833 seconds
Refreshing native plugins compatible for Editor in 13.24 ms, found 5 plugins.
Native extension for iOS target not found
Native extension for Android target not found
Native extension for WindowsStandalone target not found
Refreshing native plugins compatible for Editor in 16.54 ms, found 5 plugins.
[Licensing::Client] Error: Code 404 while processing request (status: Found 0 entitlement groups and 0 free entitlements matching requested entitlement ids)
[Licensing::Client] Error: Code 404 while processing request (status: Found 0 entitlement groups and 0 free entitlements matching requested entitlement ids)
[Licensing::Client] Error: Code 404 while processing request (status: Found 0 entitlement groups and 0 free entitlements matching requested entitlement ids)
Mono: successfully reloaded assembly
- Finished resetting the current domain, in  8.679 seconds
Domain Reload Profiling: 12494ms
	BeginReloadAssembly (494ms)
		ExecutionOrderSort (0ms)
		DisableScriptedObjects (24ms)
		BackupInstance (0ms)
		ReleaseScriptingObjects (0ms)
		CreateAndSetChildDomain (173ms)
	RebuildCommonClasses (71ms)
	RebuildNativeTypeToScriptingClass (21ms)
	initialDomainReloadingComplete (136ms)
	LoadAllAssembliesAndSetupDomain (3092ms)
		LoadAssemblies (2389ms)
		RebuildTransferFunctionScriptingTraits (0ms)
		AnalyzeDomain (910ms)
			TypeCache.Refresh (687ms)
				TypeCache.ScanAssembly (657ms)
			BuildScriptInfoCaches (191ms)
			ResolveRequiredComponents (23ms)
	FinalizeReload (8680ms)
		ReleaseScriptCaches (0ms)
		RebuildScriptCaches (0ms)
		SetupLoadedEditorAssemblies (8148ms)
			LogAssemblyErrors (0ms)
			InitializePlatformSupportModulesInManaged (64ms)
			SetLoadedEditorAssemblies (6ms)
			BeforeProcessingInitializeOnLoad (428ms)
			ProcessInitializeOnLoadAttributes (6744ms)
			ProcessInitializeOnLoadMethodAttributes (886ms)
			AfterProcessingInitializeOnLoad (17ms)
			EditorAssembliesLoaded (2ms)
		ExecutionOrderSort2 (0ms)
		AwakeInstancesAfterBackupRestoration (23ms)
Refreshing native plugins compatible for Editor in 13.67 ms, found 5 plugins.
Preloading 1 native plugins for Editor in 1.34 ms.
Asset Pipeline Refresh (id=c676884410c6c72498f9b9076a4ffa19): Total: 25.490 seconds - Initiated by InitialRefreshV2(ForceSynchronousImport)
	Summary:
		Imports: total=0 (actual=0, local cache=0, cache server=0)
		Asset DB Process Time: managed=0 ms, native=10268 ms
		Asset DB Callback time: managed=2358 ms, native=135 ms
		Scripting: domain reloads=1, domain reload time=3834 ms, compile time=8701 ms, other=191 ms
		Project Asset Count: scripts=2481, non-scripts=11746
		Asset File Changes: new=0, changed=1, moved=0, deleted=0
		Scan Filter Count: 0
	InvokeCustomDependenciesCallbacks: 0.004ms
	InvokePackagesCallback: 110.236ms
	ApplyChangesToAssetFolders: 1.620ms
	Scan: 410.951ms
	OnSourceAssetsModified: 1.971ms
	CategorizeAssetsWithTransientArtifact: 191.718ms
	ProcessAssetsWithTransientArtifactChanges: 228.096ms
	CategorizeAssets: 329.394ms
	ImportOutOfDateAssets: 8732.154ms (22.692ms without children)
		CompileScripts: 8700.587ms
		ReloadNativeAssets: 0.046ms
		UnloadImportedAssets: 0.967ms
		EnsureUptoDateAssetsAreRegisteredWithGuidPM: 3.824ms
		InitializingProgressBar: 0.001ms
		PostProcessAllAssetNotificationsAddChangedAssets: 0.002ms
		OnDemandSchedulerStart: 4.036ms
	PostProcessAllAssets: 2363.981ms
	Hotreload: 23.051ms
	GatherAllCurrentPrimaryArtifactRevisions: 0.007ms
	UnloadStreamsBegin: 5.455ms
	PersistCurrentRevisions: 0.985ms
	UnloadStreamsEnd: 0.002ms
	GenerateScriptTypeHashes: 12.070ms
	Untracked: 13090.764ms

Application.AssetDatabase Initial Refresh End
Scanning for USB devices : 10.669ms
Initializing Unity extensions:
[MODES] ModeService[none].Initialize
[MODES] ModeService[none].LoadModes
[MODES] Loading mode Default (0) for mode-current-id-HMMobile
Unloading 59 Unused Serialized files (Serialized files now loaded: 0)
Unloading 10464 unused Assets / (23.5 MB). Loaded Objects now: 11244.
Memory consumption went from 298.0 MB to 274.5 MB.
Total: 42.083800 ms (FindLiveObjects: 1.638100 ms CreateObjectMapping: 1.617900 ms MarkObjects: 26.632000 ms  DeleteObjects: 12.193100 ms)

Start importing Assets/Nature  Paradaise/mesh/Buildings/Coop_A/Coop_A_High.fbx using Guid(dd2066e16a2ac3547a84c2caa3136cd5) (FBXImporter) -> (artifact id: '59ed716d4ba2b31c53ead693ce3223e1') in 0.0601718 seconds
Refreshing native plugins compatible for Editor in 13.13 ms, found 5 plugins.
Preloading 1 native plugins for Editor in 0.14 ms.
Asset Pipeline Refresh (id=b49044c3625b3b940b0aef2b423678b4): Total: 0.365 seconds - Initiated by StopAssetImportingV2(NoUpdateAssetOptions)
	Summary:
		Imports: total=1 (actual=1, local cache=0, cache server=0)
		Asset DB Process Time: managed=12 ms, native=310 ms
		Asset DB Callback time: managed=6 ms, native=36 ms
		Scripting: domain reloads=0, domain reload time=0 ms, compile time=0 ms, other=0 ms
		Project Asset Count: scripts=2481, non-scripts=11746
		Asset File Changes: new=0, changed=1, moved=0, deleted=0
		Scan Filter Count: 6
	InvokeCustomDependenciesCallbacks: 0.001ms
	InvokePackagesCallback: 0.002ms
	ApplyChangesToAssetFolders: 0.390ms
	Scan: 52.477ms
	OnSourceAssetsModified: 1.109ms
	CategorizeAssetsWithTransientArtifact: 0.062ms
	ProcessAssetsWithTransientArtifactChanges: 0.205ms
	CategorizeAssets: 150.456ms
	ImportOutOfDateAssets: 72.797ms (1.743ms without children)
		ImportManagerImport: 63.564ms (2.637ms without children)
			ImportInProcess: 60.890ms
			UpdateCategorizedAssets: 0.037ms
		ReloadNativeAssets: 0.052ms
		UnloadImportedAssets: 0.281ms
		ReloadImportedAssets: 0.000ms
		EnsureUptoDateAssetsAreRegisteredWithGuidPM: 3.442ms
		InitializingProgressBar: 0.009ms
		PostProcessAllAssetNotificationsAddChangedAssets: 0.003ms
		OnDemandSchedulerStart: 3.703ms
	PostProcessAllAssets: 27.554ms
	Hotreload: 14.166ms
	GatherAllCurrentPrimaryArtifactRevisions: 1.229ms
	UnloadStreamsBegin: 2.155ms
	PersistCurrentRevisions: 1.607ms
	UnloadStreamsEnd: 0.003ms
	Untracked: 40.972ms

Start importing Assets/Nature  Paradaise/mesh/Buildings/Coop_A/Coop_A_High.fbx using Guid(dd2066e16a2ac3547a84c2caa3136cd5) (FBXImporter) -> (artifact id: '4aa46edab545580f7a30908f0641fcd3') in 0.0424488 seconds
Refreshing native plugins compatible for Editor in 13.92 ms, found 5 plugins.
Preloading 1 native plugins for Editor in 0.16 ms.
Asset Pipeline Refresh (id=15d64ac3d21e3924598d29da6c7ac9d1): Total: 0.208 seconds - Initiated by StopAssetImportingV2(NoUpdateAssetOptions)
Start importing Assets/Nature  Paradaise/mesh/Buildings/Coop_A/Coop_A_Medium.fbx using Guid(10a6dfb2ab23dce40b9b21dd029badd6) (FBXImporter) -> (artifact id: 'e4ce8c6d846b17034e69ca4f41d0b70f') in 0.0374341 seconds
Refreshing native plugins compatible for Editor in 14.77 ms, found 5 plugins.
Preloading 1 native plugins for Editor in 0.17 ms.
Asset Pipeline Refresh (id=0df27f10eb8d8224f8aff7705a5ab967): Total: 0.169 seconds - Initiated by StopAssetImportingV2(NoUpdateAssetOptions)
Start importing Assets/Nature  Paradaise/mesh/Buildings/Coop_A/Coop_A_Medium.fbx using Guid(10a6dfb2ab23dce40b9b21dd029badd6) (FBXImporter) -> (artifact id: 'dd5cecc0ccaea98c303fa10cf4bb9ac0') in 0.0420127 seconds
Refreshing native plugins compatible for Editor in 9.10 ms, found 5 plugins.
Preloading 1 native plugins for Editor in 0.14 ms.
Asset Pipeline Refresh (id=fe5189e46f297694792fcbcba96da0f5): Total: 0.194 seconds - Initiated by StopAssetImportingV2(NoUpdateAssetOptions)
Start importing Assets/Nature  Paradaise/mesh/Buildings/Coop_A/Coop_A_Low.fbx using Guid(8f87917e6c0ba1d448a8f3b4f8fae971) (FBXImporter) -> (artifact id: 'ee8ca0018920bff7c075afd563d50593') in 0.0752288 seconds
Refreshing native plugins compatible for Editor in 14.02 ms, found 5 plugins.
Preloading 1 native plugins for Editor in 0.54 ms.
Asset Pipeline Refresh (id=e8b98a0508b32344498991837148baf0): Total: 0.223 seconds - Initiated by StopAssetImportingV2(NoUpdateAssetOptions)
Start importing Assets/Nature  Paradaise/mesh/Buildings/Coop_A/Coop_A_Low.fbx using Guid(8f87917e6c0ba1d448a8f3b4f8fae971) (FBXImporter) -> (artifact id: 'a09fab8e0f1194e89e6683e274c53fab') in 0.0370036 seconds
Refreshing native plugins compatible for Editor in 13.44 ms, found 5 plugins.
Preloading 1 native plugins for Editor in 0.16 ms.
Asset Pipeline Refresh (id=df84bd6a231e43949a205d21136dfc20): Total: 0.288 seconds - Initiated by StopAssetImportingV2(NoUpdateAssetOptions)
Loaded scene 'Library/Unused/0248d800ec1618046894bbcbec75d5cc'
	Deserialize:            1.730 ms
	Integration:            0.642 ms
	Integration of assets:  0.004 ms
	Thread Wait Time:       38.305 ms
	Total Operation Time:   40.682 ms
Start importing Assets/Nature  Paradaise/Prefabs/Coop/Exterior/CoopExterior_Lv1.prefab using Guid(a1e5117876ad97a47a5909f370246dcd) (PrefabImporter) -> (artifact id: '682e5f5e0b8f4c0fe13482dc4b689ed9') in 0.0211046 seconds
Refreshing native plugins compatible for Editor in 18.94 ms, found 5 plugins.
Preloading 1 native plugins for Editor in 0.24 ms.
Asset Pipeline Refresh (id=c49d6633bd0b8ea49b8b121219ae5dd1): Total: 0.205 seconds - Initiated by StopAssetImportingV2(NoUpdateAssetOptions)
Loaded scene 'Library/Unused/6b0ed438215041946afdea3f4b9651e6'
	Deserialize:            0.868 ms
	Integration:            1.982 ms
	Integration of assets:  0.003 ms
	Thread Wait Time:       0.018 ms
	Total Operation Time:   2.871 ms
Start importing Assets/Nature  Paradaise/Prefabs/Coop/Exterior/CoopExterior_Lv2.prefab using Guid(f9078dd595caeff4680c8c73d4bd4923) (PrefabImporter) -> (artifact id: '79e9271becdabd19868f4f7f7750bb7c') in 0.0082445 seconds
Refreshing native plugins compatible for Editor in 11.20 ms, found 5 plugins.
Preloading 1 native plugins for Editor in 0.16 ms.
Asset Pipeline Refresh (id=b1b820fbcb8c6484d8d77ecca924e560): Total: 0.149 seconds - Initiated by StopAssetImportingV2(NoUpdateAssetOptions)
Loaded scene 'Library/Unused/ce658f1c9f6125f40a53d1c484776773'
	Deserialize:            0.682 ms
	Integration:            0.295 ms
	Integration of assets:  0.002 ms
	Thread Wait Time:       0.010 ms
	Total Operation Time:   0.989 ms
Start importing Assets/Nature  Paradaise/Prefabs/Coop/Exterior/CoopExterior_Lv3.prefab using Guid(e734816c473e04f4db52a42e086ec6ed) (PrefabImporter) -> (artifact id: '16d3541fdf8cc7e8b4fea5f7e5050472') in 0.0067826 seconds
Refreshing native plugins compatible for Editor in 13.21 ms, found 5 plugins.
Preloading 1 native plugins for Editor in 0.21 ms.
Asset Pipeline Refresh (id=017c6608219f5ac40b1e326903484c4e): Total: 0.151 seconds - Initiated by StopAssetImportingV2(NoUpdateAssetOptions)
Loaded scene 'Library/Unused/7e096f68059c7aa4c891313463f0847e'
	Deserialize:            0.916 ms
	Integration:            0.422 ms
	Integration of assets:  0.003 ms
	Thread Wait Time:       0.021 ms
	Total Operation Time:   1.363 ms
Start importing Assets/Nature  Paradaise/Prefabs/Coop/Exterior/CoopExterior_Lv4.prefab using Guid(b85a3896d13c03046a816fdd6aaccacf) (PrefabImporter) -> (artifact id: 'c966c77ef54af42737714de23058a09f') in 0.0091354 seconds
Refreshing native plugins compatible for Editor in 16.44 ms, found 5 plugins.
Preloading 1 native plugins for Editor in 0.33 ms.
Asset Pipeline Refresh (id=d87750cf09080f14e933ae3eae9c9919): Total: 0.175 seconds - Initiated by StopAssetImportingV2(NoUpdateAssetOptions)
Loaded scene 'Library/Unused/2937ed9eee64d584e9ed5e8e243d094c'
	Deserialize:            0.698 ms
	Integration:            0.440 ms
	Integration of assets:  0.002 ms
	Thread Wait Time:       0.013 ms
	Total Operation Time:   1.152 ms
Start importing Assets/Nature  Paradaise/Prefabs/Coop/Exterior/CoopExterior_Lv5.prefab using Guid(8801dd4b6dc5ed143866a6a80b4e0a4f) (PrefabImporter) -> (artifact id: '9af399cbae83368b6211a46d56613f5c') in 0.007316 seconds
Refreshing native plugins compatible for Editor in 13.34 ms, found 5 plugins.
Preloading 1 native plugins for Editor in 0.19 ms.
Asset Pipeline Refresh (id=de907f2081b80244993ff075fa15ddb4): Total: 0.186 seconds - Initiated by StopAssetImportingV2(NoUpdateAssetOptions)
Start importing Assets/Nature  Paradaise/Resources/Buildings/Coop Building.asset using Guid(d47fa8b50c6a43d7b275e2a516ca3442) (NativeFormatImporter) -> (artifact id: 'da8d7627ad555531d262fd7d0bcbe38a') in 0.0054409 seconds
Refreshing native plugins compatible for Editor in 13.62 ms, found 5 plugins.
Preloading 1 native plugins for Editor in 0.26 ms.
Asset Pipeline Refresh (id=7f85329ba0688164ea6b7c10a16cd08e): Total: 0.090 seconds - Initiated by StopAssetImportingV2(NoUpdateAssetOptions)
Launched and connected shader compiler UnityShaderCompiler.exe after 0.02 seconds
Start importing Assets/Nature  Paradaise/mesh/Buildings/Coop_A/Coop_A_High.fbx using Guid(dd2066e16a2ac3547a84c2caa3136cd5) (FBXImporter) -> (artifact id: '59ed716d4ba2b31c53ead693ce3223e1') in 0.0442809 seconds
Refreshing native plugins compatible for Editor in 16.44 ms, found 5 plugins.
Preloading 1 native plugins for Editor in 0.21 ms.
Asset Pipeline Refresh (id=aceadce234b7acf478acee735d989dfb): Total: 0.203 seconds - Initiated by StopAssetImportingV2(NoUpdateAssetOptions)
Start importing Assets/Nature  Paradaise/mesh/Buildings/Coop_A/Coop_A_Medium.fbx using Guid(10a6dfb2ab23dce40b9b21dd029badd6) (FBXImporter) -> (artifact id: 'e4ce8c6d846b17034e69ca4f41d0b70f') in 0.0413641 seconds
Refreshing native plugins compatible for Editor in 14.87 ms, found 5 plugins.
Preloading 1 native plugins for Editor in 0.17 ms.
Asset Pipeline Refresh (id=2174f989257a58f4eb7ec5034b2677ed): Total: 0.208 seconds - Initiated by StopAssetImportingV2(NoUpdateAssetOptions)
Start importing Assets/Nature  Paradaise/mesh/Buildings/Coop_A/Coop_A_Low.fbx using Guid(8f87917e6c0ba1d448a8f3b4f8fae971) (FBXImporter) -> (artifact id: 'ee8ca0018920bff7c075afd563d50593') in 0.0287398 seconds
Refreshing native plugins compatible for Editor in 12.45 ms, found 5 plugins.
Preloading 1 native plugins for Editor in 0.16 ms.
Asset Pipeline Refresh (id=a19a727453736574290887019f1735d3): Total: 0.170 seconds - Initiated by StopAssetImportingV2(NoUpdateAssetOptions)
[Coop A] APPLY PASS: single mesh per LOD, five scale-only prefabs, existing gameplay linked.
Batchmode quit successfully invoked - shutting down!
Killing ADB server in 0.1017146 seconds.
[Physics::Module] Cleanup current backned.
[Physics::Module] Id: 0xf2b8ea05
Input System module state changed to: ShutdownInProgress.
Input System polling thread exited.
Input System module state changed to: Shutdown.
[Licensing::IpcConnector] LicenseClient-huxel-notifications channel disconnected successfully.
[Licensing::IpcConnector] LicenseClient-huxel channel disconnected successfully.
AcceleratorClientConnectionCallback - disconnected - :0
Cleanup mono
Exiting batchmode successfully now!
Exiting without the bug reporter. Application will terminate with return code 0